15:11:21 **** Incremental Build of configuration Debug for project RTOS_APP ****
make -j4 all 
arm-none-eabi-gcc "../Core/Src/main.c" -mcpu=cortex-m4 -std=gnu11 -g3 -DDEBUG -DUSE_HAL_DRIVER -DSTM32F429xx -c -I../Core/Inc -I../Drivers/STM32F4xx_HAL_Driver/Inc -I../Drivers/STM32F4xx_HAL_Driver/Inc/Legacy -I../Drivers/CMSIS/Device/ST/STM32F4xx/Include -I../Drivers/CMSIS/Include -I../Middlewares/Third_Party/FreeRTOS/Source/include -I../Middlewares/Third_Party/FreeRTOS/Source/portable/GCC/ARM_CM4F -I../Middlewares/Third_Party/FreeRTOS/Source/CMSIS_RTOS_V2 -I"C:/Users/Ziad/Desktop/NTI/GP/ADAS_with_OTA_Updates/RTOS_APP/IR_Sensor/inc" -I"C:/Users/Ziad/Desktop/NTI/GP/ADAS_with_OTA_Updates/RTOS_APP/Motor_T/inc" -I"C:/Users/Ziad/Desktop/NTI/GP/ADAS_with_OTA_Updates/RTOS_APP/utils" -I"C:/Users/Ziad/Desktop/NTI/GP/ADAS_with_OTA_Updates/RTOS_APP/HCSR04" -O0 -ffunction-sections -fdata-sections -Wall -fstack-usage -MMD -MP -MF"Core/Src/main.d" -MT"Core/Src/main.o" --specs=nano.specs -mfpu=fpv4-sp-d16 -mfloat-abi=hard -mthumb -o "Core/Src/main.o"
../Core/Src/main.c: In function 'main':
../Core/Src/main.c:140:2: warning: implicit declaration of function 'DWT_Delay_Init' [-Wimplicit-function-declaration]
  140 |  DWT_Delay_Init();
      |  ^~~~~~~~~~~~~~
../Core/Src/main.c: In function 'AutoPark':
../Core/Src/main.c:837:5: warning: "/*" within comment [-Wcomment]
  837 |     /*Do Nothing*/
      |      
../Core/Src/main.c:888:40: warning: format '%d' expects argument of type 'int', but argument 4 has type 'uint16_t *' {aka 'short unsigned int *'} [-Wformat=]
  888 |     snprintf(buffer, sizeof(buffer), "%d\r\n", Distances);
      |                                       ~^       ~~~~~~~~~
      |                                        |       |
      |                                        int     uint16_t * {aka short unsigned int *}
      |                                       %hn
arm-none-eabi-gcc -o "RTOS_APP.elf" @"objects.list"   -mcpu=cortex-m4 -T"C:\Users\Ziad\Desktop\NTI\GP\ADAS_with_OTA_Updates\RTOS_APP\STM32F429ZITX_FLASH.ld" --specs=nosys.specs -Wl,-Map="RTOS_APP.map" -Wl,--gc-sections -static --specs=nano.specs -mfpu=fpv4-sp-d16 -mfloat-abi=hard -mthumb -Wl,--start-group -lc -lm -Wl,--end-group
Finished building target: RTOS_APP.elf
 
arm-none-eabi-size   RTOS_APP.elf 
arm-none-eabi-objdump -h -S  RTOS_APP.elf  > "RTOS_APP.list"
arm-none-eabi-objcopy  -O ihex  RTOS_APP.elf  "RTOS_APP.hex"
   text	   data	    bss	    dec	    hex	filename
  41240	    140	  20924	  62304	   f360	RTOS_APP.elf
arm-none-eabi-objcopy  -O binary  RTOS_APP.elf  "RTOS_APP.bin"
Finished building: default.size.stdout
 
Finished building: RTOS_APP.hex
Finished building: RTOS_APP.bin
 
 
Finished building: RTOS_APP.list
 
15:11:26 **** Incremental Build of configuration Debug for project RTOS_APP ****
make -j4 all 
arm-none-eabi-size   RTOS_APP.elf 
   text	   data	    bss	    dec	    hex	filename
  41240	    140	  20924	  62304	   f360	RTOS_APP.elf
Finished building: default.size.stdout
 
15:13:44 **** Incremental Build of configuration Debug for project RTOS_APP ****
make -j4 all 
arm-none-eabi-size   RTOS_APP.elf 
   text	   data	    bss	    dec	    hex	filename
  41240	    140	  20924	  62304	   f360	RTOS_APP.elf
Finished building: default.size.stdout
 
15:16:29 **** Incremental Build of configuration Debug for project RTOS_APP ****
make -j4 all 
arm-none-eabi-gcc "../Core/Src/main.c" -mcpu=cortex-m4 -std=gnu11 -g3 -DDEBUG -DUSE_HAL_DRIVER -DSTM32F429xx -c -I../Core/Inc -I../Drivers/STM32F4xx_HAL_Driver/Inc -I../Drivers/STM32F4xx_HAL_Driver/Inc/Legacy -I../Drivers/CMSIS/Device/ST/STM32F4xx/Include -I../Drivers/CMSIS/Include -I../Middlewares/Third_Party/FreeRTOS/Source/include -I../Middlewares/Third_Party/FreeRTOS/Source/portable/GCC/ARM_CM4F -I../Middlewares/Third_Party/FreeRTOS/Source/CMSIS_RTOS_V2 -I"C:/Users/Ziad/Desktop/NTI/GP/ADAS_with_OTA_Updates/RTOS_APP/IR_Sensor/inc" -I"C:/Users/Ziad/Desktop/NTI/GP/ADAS_with_OTA_Updates/RTOS_APP/Motor_T/inc" -I"C:/Users/Ziad/Desktop/NTI/GP/ADAS_with_OTA_Updates/RTOS_APP/utils" -I"C:/Users/Ziad/Desktop/NTI/GP/ADAS_with_OTA_Updates/RTOS_APP/HCSR04" -O0 -ffunction-sections -fdata-sections -Wall -fstack-usage -MMD -MP -MF"Core/Src/main.d" -MT"Core/Src/main.o" --specs=nano.specs -mfpu=fpv4-sp-d16 -mfloat-abi=hard -mthumb -o "Core/Src/main.o"
../Core/Src/main.c: In function 'main':
../Core/Src/main.c:140:2: warning: implicit declaration of function 'DWT_Delay_Init' [-Wimplicit-function-declaration]
  140 |  DWT_Delay_Init();
      |  ^~~~~~~~~~~~~~
../Core/Src/main.c: In function 'AutoPark':
../Core/Src/main.c:837:5: warning: "/*" within comment [-Wcomment]
  837 |     /*Do Nothing*/
      |      
../Core/Src/main.c:888:40: warning: format '%d' expects argument of type 'int', but argument 4 has type 'uint16_t *' {aka 'short unsigned int *'} [-Wformat=]
  888 |     snprintf(buffer, sizeof(buffer), "%d\r\n", Distances);
      |                                       ~^       ~~~~~~~~~
      |                                        |       |
      |                                        int     uint16_t * {aka short unsigned int *}
      |                                       %hn
arm-none-eabi-gcc -o "RTOS_APP.elf" @"objects.list"   -mcpu=cortex-m4 -T"C:\Users\Ziad\Desktop\NTI\GP\ADAS_with_OTA_Updates\RTOS_APP\STM32F429ZITX_FLASH.ld" --specs=nosys.specs -Wl,-Map="RTOS_APP.map" -Wl,--gc-sections -static --specs=nano.specs -mfpu=fpv4-sp-d16 -mfloat-abi=hard -mthumb -Wl,--start-group -lc -lm -Wl,--end-group
Finished building target: RTOS_APP.elf
 
arm-none-eabi-size   RTOS_APP.elf 
arm-none-eabi-objdump -h -S  RTOS_APP.elf  > "RTOS_APP.list"
   text	   data	    bss	    dec	    hex	filename
  41288	    140	  20924	  62352	   f390	RTOS_APP.elf
arm-none-eabi-objcopy  -O ihex  RTOS_APP.elf  "RTOS_APP.hex"
arm-none-eabi-objcopy  -O binary  RTOS_APP.elf  "RTOS_APP.bin"
Finished building: default.size.stdout
 
Finished building: RTOS_APP.hex
Finished building: RTOS_APP.bin
 
 
Finished building: RTOS_APP.list
 
15:17:51 **** Incremental Build of configuration Debug for project RTOS_APP ****
make -j4 all 
arm-none-eabi-gcc "../Core/Src/main.c" -mcpu=cortex-m4 -std=gnu11 -g3 -DDEBUG -DUSE_HAL_DRIVER -DSTM32F429xx -c -I../Core/Inc -I../Drivers/STM32F4xx_HAL_Driver/Inc -I../Drivers/STM32F4xx_HAL_Driver/Inc/Legacy -I../Drivers/CMSIS/Device/ST/STM32F4xx/Include -I../Drivers/CMSIS/Include -I../Middlewares/Third_Party/FreeRTOS/Source/include -I../Middlewares/Third_Party/FreeRTOS/Source/portable/GCC/ARM_CM4F -I../Middlewares/Third_Party/FreeRTOS/Source/CMSIS_RTOS_V2 -I"C:/Users/Ziad/Desktop/NTI/GP/ADAS_with_OTA_Updates/RTOS_APP/IR_Sensor/inc" -I"C:/Users/Ziad/Desktop/NTI/GP/ADAS_with_OTA_Updates/RTOS_APP/Motor_T/inc" -I"C:/Users/Ziad/Desktop/NTI/GP/ADAS_with_OTA_Updates/RTOS_APP/utils" -I"C:/Users/Ziad/Desktop/NTI/GP/ADAS_with_OTA_Updates/RTOS_APP/HCSR04" -O0 -ffunction-sections -fdata-sections -Wall -fstack-usage -MMD -MP -MF"Core/Src/main.d" -MT"Core/Src/main.o" --specs=nano.specs -mfpu=fpv4-sp-d16 -mfloat-abi=hard -mthumb -o "Core/Src/main.o"
../Core/Src/main.c: In function 'main':
../Core/Src/main.c:140:2: warning: implicit declaration of function 'DWT_Delay_Init' [-Wimplicit-function-declaration]
  140 |  DWT_Delay_Init();
      |  ^~~~~~~~~~~~~~
../Core/Src/main.c: In function 'AutoPark':
../Core/Src/main.c:837:5: warning: "/*" within comment [-Wcomment]
  837 |     /*Do Nothing*/
      |      
../Core/Src/main.c:888:40: warning: format '%d' expects argument of type 'int', but argument 4 has type 'uint16_t *' {aka 'short unsigned int *'} [-Wformat=]
  888 |     snprintf(buffer, sizeof(buffer), "%d\r\n", Distances);
      |                                       ~^       ~~~~~~~~~
      |                                        |       |
      |                                        int     uint16_t * {aka short unsigned int *}
      |                                       %hn
arm-none-eabi-gcc -o "RTOS_APP.elf" @"objects.list"   -mcpu=cortex-m4 -T"C:\Users\Ziad\Desktop\NTI\GP\ADAS_with_OTA_Updates\RTOS_APP\STM32F429ZITX_FLASH.ld" --specs=nosys.specs -Wl,-Map="RTOS_APP.map" -Wl,--gc-sections -static --specs=nano.specs -mfpu=fpv4-sp-d16 -mfloat-abi=hard -mthumb -Wl,--start-group -lc -lm -Wl,--end-group
Finished building target: RTOS_APP.elf
 
arm-none-eabi-size   RTOS_APP.elf 
arm-none-eabi-objdump -h -S  RTOS_APP.elf  > "RTOS_APP.list"
arm-none-eabi-objcopy  -O ihex  RTOS_APP.elf  "RTOS_APP.hex"
   text	   data	    bss	    dec	    hex	filename
  41288	    140	  20924	  62352	   f390	RTOS_APP.elf
arm-none-eabi-objcopy  -O binary  RTOS_APP.elf  "RTOS_APP.bin"
Finished building: default.size.stdout
Finished building: RTOS_APP.hex
 
 
Finished building: RTOS_APP.bin
 
Finished building: RTOS_APP.list
 
15:17:58 **** Incremental Build of configuration Debug for project RTOS_APP ****
make -j4 all 
arm-none-eabi-size   RTOS_APP.elf 
   text	   data	    bss	    dec	    hex	filename
  41288	    140	  20924	  62352	   f390	RTOS_APP.elf
Finished building: default.size.stdout
 
15:19:42 **** Incremental Build of configuration Debug for project RTOS_APP ****
make -j4 all 
arm-none-eabi-gcc "../Core/Src/main.c" -mcpu=cortex-m4 -std=gnu11 -g3 -DDEBUG -DUSE_HAL_DRIVER -DSTM32F429xx -c -I../Core/Inc -I../Drivers/STM32F4xx_HAL_Driver/Inc -I../Drivers/STM32F4xx_HAL_Driver/Inc/Legacy -I../Drivers/CMSIS/Device/ST/STM32F4xx/Include -I../Drivers/CMSIS/Include -I../Middlewares/Third_Party/FreeRTOS/Source/include -I../Middlewares/Third_Party/FreeRTOS/Source/portable/GCC/ARM_CM4F -I../Middlewares/Third_Party/FreeRTOS/Source/CMSIS_RTOS_V2 -I"C:/Users/Ziad/Desktop/NTI/GP/ADAS_with_OTA_Updates/RTOS_APP/IR_Sensor/inc" -I"C:/Users/Ziad/Desktop/NTI/GP/ADAS_with_OTA_Updates/RTOS_APP/Motor_T/inc" -I"C:/Users/Ziad/Desktop/NTI/GP/ADAS_with_OTA_Updates/RTOS_APP/utils" -I"C:/Users/Ziad/Desktop/NTI/GP/ADAS_with_OTA_Updates/RTOS_APP/HCSR04" -O0 -ffunction-sections -fdata-sections -Wall -fstack-usage -MMD -MP -MF"Core/Src/main.d" -MT"Core/Src/main.o" --specs=nano.specs -mfpu=fpv4-sp-d16 -mfloat-abi=hard -mthumb -o "Core/Src/main.o"
../Core/Src/main.c: In function 'main':
../Core/Src/main.c:140:2: warning: implicit declaration of function 'DWT_Delay_Init' [-Wimplicit-function-declaration]
  140 |  DWT_Delay_Init();
      |  ^~~~~~~~~~~~~~
../Core/Src/main.c: In function 'AutoPark':
../Core/Src/main.c:837:5: warning: "/*" within comment [-Wcomment]
  837 |     /*Do Nothing*/
      |      
../Core/Src/main.c:888:40: warning: format '%d' expects argument of type 'int', but argument 4 has type 'uint16_t *' {aka 'short unsigned int *'} [-Wformat=]
  888 |     snprintf(buffer, sizeof(buffer), "%d\r\n", Distances);
      |                                       ~^       ~~~~~~~~~
      |                                        |       |
      |                                        int     uint16_t * {aka short unsigned int *}
      |                                       %hn
arm-none-eabi-gcc -o "RTOS_APP.elf" @"objects.list"   -mcpu=cortex-m4 -T"C:\Users\Ziad\Desktop\NTI\GP\ADAS_with_OTA_Updates\RTOS_APP\STM32F429ZITX_FLASH.ld" --specs=nosys.specs -Wl,-Map="RTOS_APP.map" -Wl,--gc-sections -static --specs=nano.specs -mfpu=fpv4-sp-d16 -mfloat-abi=hard -mthumb -Wl,--start-group -lc -lm -Wl,--end-group
Finished building target: RTOS_APP.elf
 
arm-none-eabi-size   RTOS_APP.elf 
arm-none-eabi-objdump -h -S  RTOS_APP.elf  > "RTOS_APP.list"
arm-none-eabi-objcopy  -O ihex  RTOS_APP.elf  "RTOS_APP.hex"
   text	   data	    bss	    dec	    hex	filename
  41336	    140	  20924	  62400	   f3c0	RTOS_APP.elf
arm-none-eabi-objcopy  -O binary  RTOS_APP.elf  "RTOS_APP.bin"
Finished building: default.size.stdout
 
Finished building: RTOS_APP.hex
Finished building: RTOS_APP.bin
 
 
Finished building: RTOS_APP.list
 
15:20:56 **** Incremental Build of configuration Debug for project RTOS_APP ****
make -j4 all 
arm-none-eabi-size   RTOS_APP.elf 
   text	   data	    bss	    dec	    hex	filename
  41336	    140	  20924	  62400	   f3c0	RTOS_APP.elf
Finished building: default.size.stdout
 
15:21:13 **** Incremental Build of configuration Debug for project RTOS_APP ****
make -j4 all 
arm-none-eabi-size   RTOS_APP.elf 
   text	   data	    bss	    dec	    hex	filename
  41336	    140	  20924	  62400	   f3c0	RTOS_APP.elf
Finished building: default.size.stdout
 
15:25:55 **** Incremental Build of configuration Debug for project RTOS_APP ****
make -j4 all 
arm-none-eabi-gcc "../Core/Src/UltraSonic.c" -mcpu=cortex-m4 -std=gnu11 -g3 -DDEBUG -DUSE_HAL_DRIVER -DSTM32F429xx -c -I../Core/Inc -I../Drivers/STM32F4xx_HAL_Driver/Inc -I../Drivers/STM32F4xx_HAL_Driver/Inc/Legacy -I../Drivers/CMSIS/Device/ST/STM32F4xx/Include -I../Drivers/CMSIS/Include -I../Middlewares/Third_Party/FreeRTOS/Source/include -I../Middlewares/Third_Party/FreeRTOS/Source/portable/GCC/ARM_CM4F -I../Middlewares/Third_Party/FreeRTOS/Source/CMSIS_RTOS_V2 -I"C:/Users/Ziad/Desktop/NTI/GP/ADAS_with_OTA_Updates/RTOS_APP/IR_Sensor/inc" -I"C:/Users/Ziad/Desktop/NTI/GP/ADAS_with_OTA_Updates/RTOS_APP/Motor_T/inc" -I"C:/Users/Ziad/Desktop/NTI/GP/ADAS_with_OTA_Updates/RTOS_APP/utils" -I"C:/Users/Ziad/Desktop/NTI/GP/ADAS_with_OTA_Updates/RTOS_APP/HCSR04" -O0 -ffunction-sections -fdata-sections -Wall -fstack-usage -MMD -MP -MF"Core/Src/UltraSonic.d" -MT"Core/Src/UltraSonic.o" --specs=nano.specs -mfpu=fpv4-sp-d16 -mfloat-abi=hard -mthumb -o "Core/Src/UltraSonic.o"
arm-none-eabi-gcc -o "RTOS_APP.elf" @"objects.list"   -mcpu=cortex-m4 -T"C:\Users\Ziad\Desktop\NTI\GP\ADAS_with_OTA_Updates\RTOS_APP\STM32F429ZITX_FLASH.ld" --specs=nosys.specs -Wl,-Map="RTOS_APP.map" -Wl,--gc-sections -static --specs=nano.specs -mfpu=fpv4-sp-d16 -mfloat-abi=hard -mthumb -Wl,--start-group -lc -lm -Wl,--end-group
Finished building target: RTOS_APP.elf
 
arm-none-eabi-size   RTOS_APP.elf 
arm-none-eabi-objdump -h -S  RTOS_APP.elf  > "RTOS_APP.list"
arm-none-eabi-objcopy  -O ihex  RTOS_APP.elf  "RTOS_APP.hex"
   text	   data	    bss	    dec	    hex	filename
  41336	    140	  20924	  62400	   f3c0	RTOS_APP.elf
arm-none-eabi-objcopy  -O binary  RTOS_APP.elf  "RTOS_APP.bin"
Finished building: default.size.stdout
 
Finished building: RTOS_APP.hex
Finished building: RTOS_APP.bin
 
 
Finished building: RTOS_APP.list
 
15:32:53 **** Incremental Build of configuration Debug for project RTOS_APP ****
make -j4 all 
arm-none-eabi-gcc "../Core/Src/UltraSonic.c" -mcpu=cortex-m4 -std=gnu11 -g3 -DDEBUG -DUSE_HAL_DRIVER -DSTM32F429xx -c -I../Core/Inc -I../Drivers/STM32F4xx_HAL_Driver/Inc -I../Drivers/STM32F4xx_HAL_Driver/Inc/Legacy -I../Drivers/CMSIS/Device/ST/STM32F4xx/Include -I../Drivers/CMSIS/Include -I../Middlewares/Third_Party/FreeRTOS/Source/include -I../Middlewares/Third_Party/FreeRTOS/Source/portable/GCC/ARM_CM4F -I../Middlewares/Third_Party/FreeRTOS/Source/CMSIS_RTOS_V2 -I"C:/Users/Ziad/Desktop/NTI/GP/ADAS_with_OTA_Updates/RTOS_APP/IR_Sensor/inc" -I"C:/Users/Ziad/Desktop/NTI/GP/ADAS_with_OTA_Updates/RTOS_APP/Motor_T/inc" -I"C:/Users/Ziad/Desktop/NTI/GP/ADAS_with_OTA_Updates/RTOS_APP/utils" -I"C:/Users/Ziad/Desktop/NTI/GP/ADAS_with_OTA_Updates/RTOS_APP/HCSR04" -O0 -ffunction-sections -fdata-sections -Wall -fstack-usage -MMD -MP -MF"Core/Src/UltraSonic.d" -MT"Core/Src/UltraSonic.o" --specs=nano.specs -mfpu=fpv4-sp-d16 -mfloat-abi=hard -mthumb -o "Core/Src/UltraSonic.o"
arm-none-eabi-gcc -o "RTOS_APP.elf" @"objects.list"   -mcpu=cortex-m4 -T"C:\Users\Ziad\Desktop\NTI\GP\ADAS_with_OTA_Updates\RTOS_APP\STM32F429ZITX_FLASH.ld" --specs=nosys.specs -Wl,-Map="RTOS_APP.map" -Wl,--gc-sections -static --specs=nano.specs -mfpu=fpv4-sp-d16 -mfloat-abi=hard -mthumb -Wl,--start-group -lc -lm -Wl,--end-group
Finished building target: RTOS_APP.elf
 
arm-none-eabi-size   RTOS_APP.elf 
arm-none-eabi-objdump -h -S  RTOS_APP.elf  > "RTOS_APP.list"
arm-none-eabi-objcopy  -O ihex  RTOS_APP.elf  "RTOS_APP.hex"
   text	   data	    bss	    dec	    hex	filename
  41320	    140	  20924	  62384	   f3b0	RTOS_APP.elf
arm-none-eabi-objcopy  -O binary  RTOS_APP.elf  "RTOS_APP.bin"
Finished building: default.size.stdout
 
Finished building: RTOS_APP.hex
 
Finished building: RTOS_APP.bin
 
Finished building: RTOS_APP.list
 
