06:20:07 **** Incremental Build of configuration Debug for project RTOS_APP ****
make -j4 all 
arm-none-eabi-gcc "../utils/DWT_Delay.c" -mcpu=cortex-m4 -std=gnu11 -g3 -DDEBUG -DUSE_HAL_DRIVER -DSTM32F429xx -c -I../Core/Inc -I../Drivers/STM32F4xx_HAL_Driver/Inc -I../Drivers/STM32F4xx_HAL_Driver/Inc/Legacy -I../Drivers/CMSIS/Device/ST/STM32F4xx/Include -I../Drivers/CMSIS/Include -I../Middlewares/Third_Party/FreeRTOS/Source/include -I../Middlewares/Third_Party/FreeRTOS/Source/portable/GCC/ARM_CM4F -I../Middlewares/Third_Party/FreeRTOS/Source/CMSIS_RTOS_V2 -I"C:/Users/Ziad/Desktop/NTI/GP/ADAS_with_OTA_Updates/RTOS_APP/IR_Sensor/inc" -I"C:/Users/Ziad/Desktop/NTI/GP/ADAS_with_OTA_Updates/RTOS_APP/Motor_T/inc" -I"C:/Users/Ziad/Desktop/NTI/GP/ADAS_with_OTA_Updates/RTOS_APP/utils" -I"C:/Users/Ziad/Desktop/NTI/GP/ADAS_with_OTA_Updates/RTOS_APP/HCSR04" -O0 -ffunction-sections -fdata-sections -Wall -fstack-usage -MMD -MP -MF"utils/DWT_Delay.d" -MT"utils/DWT_Delay.o" --specs=nano.specs -mfpu=fpv4-sp-d16 -mfloat-abi=hard -mthumb -o "utils/DWT_Delay.o"
arm-none-eabi-gcc "../Motor_T/src/Motor.c" -mcpu=cortex-m4 -std=gnu11 -g3 -DDEBUG -DUSE_HAL_DRIVER -DSTM32F429xx -c -I../Core/Inc -I../Drivers/STM32F4xx_HAL_Driver/Inc -I../Drivers/STM32F4xx_HAL_Driver/Inc/Legacy -I../Drivers/CMSIS/Device/ST/STM32F4xx/Include -I../Drivers/CMSIS/Include -I../Middlewares/Third_Party/FreeRTOS/Source/include -I../Middlewares/Third_Party/FreeRTOS/Source/portable/GCC/ARM_CM4F -I../Middlewares/Third_Party/FreeRTOS/Source/CMSIS_RTOS_V2 -I"C:/Users/Ziad/Desktop/NTI/GP/ADAS_with_OTA_Updates/RTOS_APP/IR_Sensor/inc" -I"C:/Users/Ziad/Desktop/NTI/GP/ADAS_with_OTA_Updates/RTOS_APP/Motor_T/inc" -I"C:/Users/Ziad/Desktop/NTI/GP/ADAS_with_OTA_Updates/RTOS_APP/utils" -I"C:/Users/Ziad/Desktop/NTI/GP/ADAS_with_OTA_Updates/RTOS_APP/HCSR04" -O0 -ffunction-sections -fdata-sections -Wall -fstack-usage -MMD -MP -MF"Motor_T/src/Motor.d" -MT"Motor_T/src/Motor.o" --specs=nano.specs -mfpu=fpv4-sp-d16 -mfloat-abi=hard -mthumb -o "Motor_T/src/Motor.o"
arm-none-eabi-gcc "../Middlewares/Third_Party/FreeRTOS/Source/portable/MemMang/heap_4.c" -mcpu=cortex-m4 -std=gnu11 -g3 -DDEBUG -DUSE_HAL_DRIVER -DSTM32F429xx -c -I../Core/Inc -I../Drivers/STM32F4xx_HAL_Driver/Inc -I../Drivers/STM32F4xx_HAL_Driver/Inc/Legacy -I../Drivers/CMSIS/Device/ST/STM32F4xx/Include -I../Drivers/CMSIS/Include -I../Middlewares/Third_Party/FreeRTOS/Source/include -I../Middlewares/Third_Party/FreeRTOS/Source/portable/GCC/ARM_CM4F -I../Middlewares/Third_Party/FreeRTOS/Source/CMSIS_RTOS_V2 -I"C:/Users/Ziad/Desktop/NTI/GP/ADAS_with_OTA_Updates/RTOS_APP/IR_Sensor/inc" -I"C:/Users/Ziad/Desktop/NTI/GP/ADAS_with_OTA_Updates/RTOS_APP/Motor_T/inc" -I"C:/Users/Ziad/Desktop/NTI/GP/ADAS_with_OTA_Updates/RTOS_APP/utils" -I"C:/Users/Ziad/Desktop/NTI/GP/ADAS_with_OTA_Updates/RTOS_APP/HCSR04" -O0 -ffunction-sections -fdata-sections -Wall -fstack-usage -MMD -MP -MF"Middlewares/Third_Party/FreeRTOS/Source/portable/MemMang/heap_4.d" -MT"Middlewares/Third_Party/FreeRTOS/Source/portable/MemMang/heap_4.o" --specs=nano.specs -mfpu=fpv4-sp-d16 -mfloat-abi=hard -mthumb -o "Middlewares/Third_Party/FreeRTOS/Source/portable/MemMang/heap_4.o"
arm-none-eabi-gcc "../Middlewares/Third_Party/FreeRTOS/Source/portable/GCC/ARM_CM4F/port.c" -mcpu=cortex-m4 -std=gnu11 -g3 -DDEBUG -DUSE_HAL_DRIVER -DSTM32F429xx -c -I../Core/Inc -I../Drivers/STM32F4xx_HAL_Driver/Inc -I../Drivers/STM32F4xx_HAL_Driver/Inc/Legacy -I../Drivers/CMSIS/Device/ST/STM32F4xx/Include -I../Drivers/CMSIS/Include -I../Middlewares/Third_Party/FreeRTOS/Source/include -I../Middlewares/Third_Party/FreeRTOS/Source/portable/GCC/ARM_CM4F -I../Middlewares/Third_Party/FreeRTOS/Source/CMSIS_RTOS_V2 -I"C:/Users/Ziad/Desktop/NTI/GP/ADAS_with_OTA_Updates/RTOS_APP/IR_Sensor/inc" -I"C:/Users/Ziad/Desktop/NTI/GP/ADAS_with_OTA_Updates/RTOS_APP/Motor_T/inc" -I"C:/Users/Ziad/Desktop/NTI/GP/ADAS_with_OTA_Updates/RTOS_APP/utils" -I"C:/Users/Ziad/Desktop/NTI/GP/ADAS_with_OTA_Updates/RTOS_APP/HCSR04" -O0 -ffunction-sections -fdata-sections -Wall -fstack-usage -MMD -MP -MF"Middlewares/Third_Party/FreeRTOS/Source/portable/GCC/ARM_CM4F/port.d" -MT"Middlewares/Third_Party/FreeRTOS/Source/portable/GCC/ARM_CM4F/port.o" --specs=nano.specs -mfpu=fpv4-sp-d16 -mfloat-abi=hard -mthumb -o "Middlewares/Third_Party/FreeRTOS/Source/portable/GCC/ARM_CM4F/port.o"
arm-none-eabi-gcc "../Middlewares/Third_Party/FreeRTOS/Source/CMSIS_RTOS_V2/cmsis_os2.c" -mcpu=cortex-m4 -std=gnu11 -g3 -DDEBUG -DUSE_HAL_DRIVER -DSTM32F429xx -c -I../Core/Inc -I../Drivers/STM32F4xx_HAL_Driver/Inc -I../Drivers/STM32F4xx_HAL_Driver/Inc/Legacy -I../Drivers/CMSIS/Device/ST/STM32F4xx/Include -I../Drivers/CMSIS/Include -I../Middlewares/Third_Party/FreeRTOS/Source/include -I../Middlewares/Third_Party/FreeRTOS/Source/portable/GCC/ARM_CM4F -I../Middlewares/Third_Party/FreeRTOS/Source/CMSIS_RTOS_V2 -I"C:/Users/Ziad/Desktop/NTI/GP/ADAS_with_OTA_Updates/RTOS_APP/IR_Sensor/inc" -I"C:/Users/Ziad/Desktop/NTI/GP/ADAS_with_OTA_Updates/RTOS_APP/Motor_T/inc" -I"C:/Users/Ziad/Desktop/NTI/GP/ADAS_with_OTA_Updates/RTOS_APP/utils" -I"C:/Users/Ziad/Desktop/NTI/GP/ADAS_with_OTA_Updates/RTOS_APP/HCSR04" -O0 -ffunction-sections -fdata-sections -Wall -fstack-usage -MMD -MP -MF"Middlewares/Third_Party/FreeRTOS/Source/CMSIS_RTOS_V2/cmsis_os2.d" -MT"Middlewares/Third_Party/FreeRTOS/Source/CMSIS_RTOS_V2/cmsis_os2.o" --specs=nano.specs -mfpu=fpv4-sp-d16 -mfloat-abi=hard -mthumb -o "Middlewares/Third_Party/FreeRTOS/Source/CMSIS_RTOS_V2/cmsis_os2.o"
arm-none-eabi-gcc "../Middlewares/Third_Party/FreeRTOS/Source/croutine.c" -mcpu=cortex-m4 -std=gnu11 -g3 -DDEBUG -DUSE_HAL_DRIVER -DSTM32F429xx -c -I../Core/Inc -I../Drivers/STM32F4xx_HAL_Driver/Inc -I../Drivers/STM32F4xx_HAL_Driver/Inc/Legacy -I../Drivers/CMSIS/Device/ST/STM32F4xx/Include -I../Drivers/CMSIS/Include -I../Middlewares/Third_Party/FreeRTOS/Source/include -I../Middlewares/Third_Party/FreeRTOS/Source/portable/GCC/ARM_CM4F -I../Middlewares/Third_Party/FreeRTOS/Source/CMSIS_RTOS_V2 -I"C:/Users/Ziad/Desktop/NTI/GP/ADAS_with_OTA_Updates/RTOS_APP/IR_Sensor/inc" -I"C:/Users/Ziad/Desktop/NTI/GP/ADAS_with_OTA_Updates/RTOS_APP/Motor_T/inc" -I"C:/Users/Ziad/Desktop/NTI/GP/ADAS_with_OTA_Updates/RTOS_APP/utils" -I"C:/Users/Ziad/Desktop/NTI/GP/ADAS_with_OTA_Updates/RTOS_APP/HCSR04" -O0 -ffunction-sections -fdata-sections -Wall -fstack-usage -MMD -MP -MF"Middlewares/Third_Party/FreeRTOS/Source/croutine.d" -MT"Middlewares/Third_Party/FreeRTOS/Source/croutine.o" --specs=nano.specs -mfpu=fpv4-sp-d16 -mfloat-abi=hard -mthumb -o "Middlewares/Third_Party/FreeRTOS/Source/croutine.o"
arm-none-eabi-gcc "../Middlewares/Third_Party/FreeRTOS/Source/event_groups.c" -mcpu=cortex-m4 -std=gnu11 -g3 -DDEBUG -DUSE_HAL_DRIVER -DSTM32F429xx -c -I../Core/Inc -I../Drivers/STM32F4xx_HAL_Driver/Inc -I../Drivers/STM32F4xx_HAL_Driver/Inc/Legacy -I../Drivers/CMSIS/Device/ST/STM32F4xx/Include -I../Drivers/CMSIS/Include -I../Middlewares/Third_Party/FreeRTOS/Source/include -I../Middlewares/Third_Party/FreeRTOS/Source/portable/GCC/ARM_CM4F -I../Middlewares/Third_Party/FreeRTOS/Source/CMSIS_RTOS_V2 -I"C:/Users/Ziad/Desktop/NTI/GP/ADAS_with_OTA_Updates/RTOS_APP/IR_Sensor/inc" -I"C:/Users/Ziad/Desktop/NTI/GP/ADAS_with_OTA_Updates/RTOS_APP/Motor_T/inc" -I"C:/Users/Ziad/Desktop/NTI/GP/ADAS_with_OTA_Updates/RTOS_APP/utils" -I"C:/Users/Ziad/Desktop/NTI/GP/ADAS_with_OTA_Updates/RTOS_APP/HCSR04" -O0 -ffunction-sections -fdata-sections -Wall -fstack-usage -MMD -MP -MF"Middlewares/Third_Party/FreeRTOS/Source/event_groups.d" -MT"Middlewares/Third_Party/FreeRTOS/Source/event_groups.o" --specs=nano.specs -mfpu=fpv4-sp-d16 -mfloat-abi=hard -mthumb -o "Middlewares/Third_Party/FreeRTOS/Source/event_groups.o"
arm-none-eabi-gcc "../Middlewares/Third_Party/FreeRTOS/Source/list.c" -mcpu=cortex-m4 -std=gnu11 -g3 -DDEBUG -DUSE_HAL_DRIVER -DSTM32F429xx -c -I../Core/Inc -I../Drivers/STM32F4xx_HAL_Driver/Inc -I../Drivers/STM32F4xx_HAL_Driver/Inc/Legacy -I../Drivers/CMSIS/Device/ST/STM32F4xx/Include -I../Drivers/CMSIS/Include -I../Middlewares/Third_Party/FreeRTOS/Source/include -I../Middlewares/Third_Party/FreeRTOS/Source/portable/GCC/ARM_CM4F -I../Middlewares/Third_Party/FreeRTOS/Source/CMSIS_RTOS_V2 -I"C:/Users/Ziad/Desktop/NTI/GP/ADAS_with_OTA_Updates/RTOS_APP/IR_Sensor/inc" -I"C:/Users/Ziad/Desktop/NTI/GP/ADAS_with_OTA_Updates/RTOS_APP/Motor_T/inc" -I"C:/Users/Ziad/Desktop/NTI/GP/ADAS_with_OTA_Updates/RTOS_APP/utils" -I"C:/Users/Ziad/Desktop/NTI/GP/ADAS_with_OTA_Updates/RTOS_APP/HCSR04" -O0 -ffunction-sections -fdata-sections -Wall -fstack-usage -MMD -MP -MF"Middlewares/Third_Party/FreeRTOS/Source/list.d" -MT"Middlewares/Third_Party/FreeRTOS/Source/list.o" --specs=nano.specs -mfpu=fpv4-sp-d16 -mfloat-abi=hard -mthumb -o "Middlewares/Third_Party/FreeRTOS/Source/list.o"
arm-none-eabi-gcc "../Middlewares/Third_Party/FreeRTOS/Source/queue.c" -mcpu=cortex-m4 -std=gnu11 -g3 -DDEBUG -DUSE_HAL_DRIVER -DSTM32F429xx -c -I../Core/Inc -I../Drivers/STM32F4xx_HAL_Driver/Inc -I../Drivers/STM32F4xx_HAL_Driver/Inc/Legacy -I../Drivers/CMSIS/Device/ST/STM32F4xx/Include -I../Drivers/CMSIS/Include -I../Middlewares/Third_Party/FreeRTOS/Source/include -I../Middlewares/Third_Party/FreeRTOS/Source/portable/GCC/ARM_CM4F -I../Middlewares/Third_Party/FreeRTOS/Source/CMSIS_RTOS_V2 -I"C:/Users/Ziad/Desktop/NTI/GP/ADAS_with_OTA_Updates/RTOS_APP/IR_Sensor/inc" -I"C:/Users/Ziad/Desktop/NTI/GP/ADAS_with_OTA_Updates/RTOS_APP/Motor_T/inc" -I"C:/Users/Ziad/Desktop/NTI/GP/ADAS_with_OTA_Updates/RTOS_APP/utils" -I"C:/Users/Ziad/Desktop/NTI/GP/ADAS_with_OTA_Updates/RTOS_APP/HCSR04" -O0 -ffunction-sections -fdata-sections -Wall -fstack-usage -MMD -MP -MF"Middlewares/Third_Party/FreeRTOS/Source/queue.d" -MT"Middlewares/Third_Party/FreeRTOS/Source/queue.o" --specs=nano.specs -mfpu=fpv4-sp-d16 -mfloat-abi=hard -mthumb -o "Middlewares/Third_Party/FreeRTOS/Source/queue.o"
arm-none-eabi-gcc "../Middlewares/Third_Party/FreeRTOS/Source/stream_buffer.c" -mcpu=cortex-m4 -std=gnu11 -g3 -DDEBUG -DUSE_HAL_DRIVER -DSTM32F429xx -c -I../Core/Inc -I../Drivers/STM32F4xx_HAL_Driver/Inc -I../Drivers/STM32F4xx_HAL_Driver/Inc/Legacy -I../Drivers/CMSIS/Device/ST/STM32F4xx/Include -I../Drivers/CMSIS/Include -I../Middlewares/Third_Party/FreeRTOS/Source/include -I../Middlewares/Third_Party/FreeRTOS/Source/portable/GCC/ARM_CM4F -I../Middlewares/Third_Party/FreeRTOS/Source/CMSIS_RTOS_V2 -I"C:/Users/Ziad/Desktop/NTI/GP/ADAS_with_OTA_Updates/RTOS_APP/IR_Sensor/inc" -I"C:/Users/Ziad/Desktop/NTI/GP/ADAS_with_OTA_Updates/RTOS_APP/Motor_T/inc" -I"C:/Users/Ziad/Desktop/NTI/GP/ADAS_with_OTA_Updates/RTOS_APP/utils" -I"C:/Users/Ziad/Desktop/NTI/GP/ADAS_with_OTA_Updates/RTOS_APP/HCSR04" -O0 -ffunction-sections -fdata-sections -Wall -fstack-usage -MMD -MP -MF"Middlewares/Third_Party/FreeRTOS/Source/stream_buffer.d" -MT"Middlewares/Third_Party/FreeRTOS/Source/stream_buffer.o" --specs=nano.specs -mfpu=fpv4-sp-d16 -mfloat-abi=hard -mthumb -o "Middlewares/Third_Party/FreeRTOS/Source/stream_buffer.o"
arm-none-eabi-gcc "../Middlewares/Third_Party/FreeRTOS/Source/tasks.c" -mcpu=cortex-m4 -std=gnu11 -g3 -DDEBUG -DUSE_HAL_DRIVER -DSTM32F429xx -c -I../Core/Inc -I../Drivers/STM32F4xx_HAL_Driver/Inc -I../Drivers/STM32F4xx_HAL_Driver/Inc/Legacy -I../Drivers/CMSIS/Device/ST/STM32F4xx/Include -I../Drivers/CMSIS/Include -I../Middlewares/Third_Party/FreeRTOS/Source/include -I../Middlewares/Third_Party/FreeRTOS/Source/portable/GCC/ARM_CM4F -I../Middlewares/Third_Party/FreeRTOS/Source/CMSIS_RTOS_V2 -I"C:/Users/Ziad/Desktop/NTI/GP/ADAS_with_OTA_Updates/RTOS_APP/IR_Sensor/inc" -I"C:/Users/Ziad/Desktop/NTI/GP/ADAS_with_OTA_Updates/RTOS_APP/Motor_T/inc" -I"C:/Users/Ziad/Desktop/NTI/GP/ADAS_with_OTA_Updates/RTOS_APP/utils" -I"C:/Users/Ziad/Desktop/NTI/GP/ADAS_with_OTA_Updates/RTOS_APP/HCSR04" -O0 -ffunction-sections -fdata-sections -Wall -fstack-usage -MMD -MP -MF"Middlewares/Third_Party/FreeRTOS/Source/tasks.d" -MT"Middlewares/Third_Party/FreeRTOS/Source/tasks.o" --specs=nano.specs -mfpu=fpv4-sp-d16 -mfloat-abi=hard -mthumb -o "Middlewares/Third_Party/FreeRTOS/Source/tasks.o"
arm-none-eabi-gcc "../Middlewares/Third_Party/FreeRTOS/Source/timers.c" -mcpu=cortex-m4 -std=gnu11 -g3 -DDEBUG -DUSE_HAL_DRIVER -DSTM32F429xx -c -I../Core/Inc -I../Drivers/STM32F4xx_HAL_Driver/Inc -I../Drivers/STM32F4xx_HAL_Driver/Inc/Legacy -I../Drivers/CMSIS/Device/ST/STM32F4xx/Include -I../Drivers/CMSIS/Include -I../Middlewares/Third_Party/FreeRTOS/Source/include -I../Middlewares/Third_Party/FreeRTOS/Source/portable/GCC/ARM_CM4F -I../Middlewares/Third_Party/FreeRTOS/Source/CMSIS_RTOS_V2 -I"C:/Users/Ziad/Desktop/NTI/GP/ADAS_with_OTA_Updates/RTOS_APP/IR_Sensor/inc" -I"C:/Users/Ziad/Desktop/NTI/GP/ADAS_with_OTA_Updates/RTOS_APP/Motor_T/inc" -I"C:/Users/Ziad/Desktop/NTI/GP/ADAS_with_OTA_Updates/RTOS_APP/utils" -I"C:/Users/Ziad/Desktop/NTI/GP/ADAS_with_OTA_Updates/RTOS_APP/HCSR04" -O0 -ffunction-sections -fdata-sections -Wall -fstack-usage -MMD -MP -MF"Middlewares/Third_Party/FreeRTOS/Source/timers.d" -MT"Middlewares/Third_Party/FreeRTOS/Source/timers.o" --specs=nano.specs -mfpu=fpv4-sp-d16 -mfloat-abi=hard -mthumb -o "Middlewares/Third_Party/FreeRTOS/Source/timers.o"
arm-none-eabi-gcc "../IR_Sensor/src/IR_Sensor.c" -mcpu=cortex-m4 -std=gnu11 -g3 -DDEBUG -DUSE_HAL_DRIVER -DSTM32F429xx -c -I../Core/Inc -I../Drivers/STM32F4xx_HAL_Driver/Inc -I../Drivers/STM32F4xx_HAL_Driver/Inc/Legacy -I../Drivers/CMSIS/Device/ST/STM32F4xx/Include -I../Drivers/CMSIS/Include -I../Middlewares/Third_Party/FreeRTOS/Source/include -I../Middlewares/Third_Party/FreeRTOS/Source/portable/GCC/ARM_CM4F -I../Middlewares/Third_Party/FreeRTOS/Source/CMSIS_RTOS_V2 -I"C:/Users/Ziad/Desktop/NTI/GP/ADAS_with_OTA_Updates/RTOS_APP/IR_Sensor/inc" -I"C:/Users/Ziad/Desktop/NTI/GP/ADAS_with_OTA_Updates/RTOS_APP/Motor_T/inc" -I"C:/Users/Ziad/Desktop/NTI/GP/ADAS_with_OTA_Updates/RTOS_APP/utils" -I"C:/Users/Ziad/Desktop/NTI/GP/ADAS_with_OTA_Updates/RTOS_APP/HCSR04" -O0 -ffunction-sections -fdata-sections -Wall -fstack-usage -MMD -MP -MF"IR_Sensor/src/IR_Sensor.d" -MT"IR_Sensor/src/IR_Sensor.o" --specs=nano.specs -mfpu=fpv4-sp-d16 -mfloat-abi=hard -mthumb -o "IR_Sensor/src/IR_Sensor.o"
arm-none-eabi-gcc "../HCSR04/HCSR04.c" -mcpu=cortex-m4 -std=gnu11 -g3 -DDEBUG -DUSE_HAL_DRIVER -DSTM32F429xx -c -I../Core/Inc -I../Drivers/STM32F4xx_HAL_Driver/Inc -I../Drivers/STM32F4xx_HAL_Driver/Inc/Legacy -I../Drivers/CMSIS/Device/ST/STM32F4xx/Include -I../Drivers/CMSIS/Include -I../Middlewares/Third_Party/FreeRTOS/Source/include -I../Middlewares/Third_Party/FreeRTOS/Source/portable/GCC/ARM_CM4F -I../Middlewares/Third_Party/FreeRTOS/Source/CMSIS_RTOS_V2 -I"C:/Users/Ziad/Desktop/NTI/GP/ADAS_with_OTA_Updates/RTOS_APP/IR_Sensor/inc" -I"C:/Users/Ziad/Desktop/NTI/GP/ADAS_with_OTA_Updates/RTOS_APP/Motor_T/inc" -I"C:/Users/Ziad/Desktop/NTI/GP/ADAS_with_OTA_Updates/RTOS_APP/utils" -I"C:/Users/Ziad/Desktop/NTI/GP/ADAS_with_OTA_Updates/RTOS_APP/HCSR04" -O0 -ffunction-sections -fdata-sections -Wall -fstack-usage -MMD -MP -MF"HCSR04/HCSR04.d" -MT"HCSR04/HCSR04.o" --specs=nano.specs -mfpu=fpv4-sp-d16 -mfloat-abi=hard -mthumb -o "HCSR04/HCSR04.o"
arm-none-eabi-gcc "../HCSR04/HCSR04_cfg.c" -mcpu=cortex-m4 -std=gnu11 -g3 -DDEBUG -DUSE_HAL_DRIVER -DSTM32F429xx -c -I../Core/Inc -I../Drivers/STM32F4xx_HAL_Driver/Inc -I../Drivers/STM32F4xx_HAL_Driver/Inc/Legacy -I../Drivers/CMSIS/Device/ST/STM32F4xx/Include -I../Drivers/CMSIS/Include -I../Middlewares/Third_Party/FreeRTOS/Source/include -I../Middlewares/Third_Party/FreeRTOS/Source/portable/GCC/ARM_CM4F -I../Middlewares/Third_Party/FreeRTOS/Source/CMSIS_RTOS_V2 -I"C:/Users/Ziad/Desktop/NTI/GP/ADAS_with_OTA_Updates/RTOS_APP/IR_Sensor/inc" -I"C:/Users/Ziad/Desktop/NTI/GP/ADAS_with_OTA_Updates/RTOS_APP/Motor_T/inc" -I"C:/Users/Ziad/Desktop/NTI/GP/ADAS_with_OTA_Updates/RTOS_APP/utils" -I"C:/Users/Ziad/Desktop/NTI/GP/ADAS_with_OTA_Updates/RTOS_APP/HCSR04" -O0 -ffunction-sections -fdata-sections -Wall -fstack-usage -MMD -MP -MF"HCSR04/HCSR04_cfg.d" -MT"HCSR04/HCSR04_cfg.o" --specs=nano.specs -mfpu=fpv4-sp-d16 -mfloat-abi=hard -mthumb -o "HCSR04/HCSR04_cfg.o"
arm-none-eabi-gcc "../Drivers/STM32F4xx_HAL_Driver/Src/stm32f4xx_hal.c" -mcpu=cortex-m4 -std=gnu11 -g3 -DDEBUG -DUSE_HAL_DRIVER -DSTM32F429xx -c -I../Core/Inc -I../Drivers/STM32F4xx_HAL_Driver/Inc -I../Drivers/STM32F4xx_HAL_Driver/Inc/Legacy -I../Drivers/CMSIS/Device/ST/STM32F4xx/Include -I../Drivers/CMSIS/Include -I../Middlewares/Third_Party/FreeRTOS/Source/include -I../Middlewares/Third_Party/FreeRTOS/Source/portable/GCC/ARM_CM4F -I../Middlewares/Third_Party/FreeRTOS/Source/CMSIS_RTOS_V2 -I"C:/Users/Ziad/Desktop/NTI/GP/ADAS_with_OTA_Updates/RTOS_APP/IR_Sensor/inc" -I"C:/Users/Ziad/Desktop/NTI/GP/ADAS_with_OTA_Updates/RTOS_APP/Motor_T/inc" -I"C:/Users/Ziad/Desktop/NTI/GP/ADAS_with_OTA_Updates/RTOS_APP/utils" -I"C:/Users/Ziad/Desktop/NTI/GP/ADAS_with_OTA_Updates/RTOS_APP/HCSR04" -O0 -ffunction-sections -fdata-sections -Wall -fstack-usage -MMD -MP -MF"Drivers/STM32F4xx_HAL_Driver/Src/stm32f4xx_hal.d" -MT"Drivers/STM32F4xx_HAL_Driver/Src/stm32f4xx_hal.o" --specs=nano.specs -mfpu=fpv4-sp-d16 -mfloat-abi=hard -mthumb -o "Drivers/STM32F4xx_HAL_Driver/Src/stm32f4xx_hal.o"
arm-none-eabi-gcc "../Drivers/STM32F4xx_HAL_Driver/Src/stm32f4xx_hal_cortex.c" -mcpu=cortex-m4 -std=gnu11 -g3 -DDEBUG -DUSE_HAL_DRIVER -DSTM32F429xx -c -I../Core/Inc -I../Drivers/STM32F4xx_HAL_Driver/Inc -I../Drivers/STM32F4xx_HAL_Driver/Inc/Legacy -I../Drivers/CMSIS/Device/ST/STM32F4xx/Include -I../Drivers/CMSIS/Include -I../Middlewares/Third_Party/FreeRTOS/Source/include -I../Middlewares/Third_Party/FreeRTOS/Source/portable/GCC/ARM_CM4F -I../Middlewares/Third_Party/FreeRTOS/Source/CMSIS_RTOS_V2 -I"C:/Users/Ziad/Desktop/NTI/GP/ADAS_with_OTA_Updates/RTOS_APP/IR_Sensor/inc" -I"C:/Users/Ziad/Desktop/NTI/GP/ADAS_with_OTA_Updates/RTOS_APP/Motor_T/inc" -I"C:/Users/Ziad/Desktop/NTI/GP/ADAS_with_OTA_Updates/RTOS_APP/utils" -I"C:/Users/Ziad/Desktop/NTI/GP/ADAS_with_OTA_Updates/RTOS_APP/HCSR04" -O0 -ffunction-sections -fdata-sections -Wall -fstack-usage -MMD -MP -MF"Drivers/STM32F4xx_HAL_Driver/Src/stm32f4xx_hal_cortex.d" -MT"Drivers/STM32F4xx_HAL_Driver/Src/stm32f4xx_hal_cortex.o" --specs=nano.specs -mfpu=fpv4-sp-d16 -mfloat-abi=hard -mthumb -o "Drivers/STM32F4xx_HAL_Driver/Src/stm32f4xx_hal_cortex.o"
arm-none-eabi-gcc "../Drivers/STM32F4xx_HAL_Driver/Src/stm32f4xx_hal_dma.c" -mcpu=cortex-m4 -std=gnu11 -g3 -DDEBUG -DUSE_HAL_DRIVER -DSTM32F429xx -c -I../Core/Inc -I../Drivers/STM32F4xx_HAL_Driver/Inc -I../Drivers/STM32F4xx_HAL_Driver/Inc/Legacy -I../Drivers/CMSIS/Device/ST/STM32F4xx/Include -I../Drivers/CMSIS/Include -I../Middlewares/Third_Party/FreeRTOS/Source/include -I../Middlewares/Third_Party/FreeRTOS/Source/portable/GCC/ARM_CM4F -I../Middlewares/Third_Party/FreeRTOS/Source/CMSIS_RTOS_V2 -I"C:/Users/Ziad/Desktop/NTI/GP/ADAS_with_OTA_Updates/RTOS_APP/IR_Sensor/inc" -I"C:/Users/Ziad/Desktop/NTI/GP/ADAS_with_OTA_Updates/RTOS_APP/Motor_T/inc" -I"C:/Users/Ziad/Desktop/NTI/GP/ADAS_with_OTA_Updates/RTOS_APP/utils" -I"C:/Users/Ziad/Desktop/NTI/GP/ADAS_with_OTA_Updates/RTOS_APP/HCSR04" -O0 -ffunction-sections -fdata-sections -Wall -fstack-usage -MMD -MP -MF"Drivers/STM32F4xx_HAL_Driver/Src/stm32f4xx_hal_dma.d" -MT"Drivers/STM32F4xx_HAL_Driver/Src/stm32f4xx_hal_dma.o" --specs=nano.specs -mfpu=fpv4-sp-d16 -mfloat-abi=hard -mthumb -o "Drivers/STM32F4xx_HAL_Driver/Src/stm32f4xx_hal_dma.o"
arm-none-eabi-gcc "../Drivers/STM32F4xx_HAL_Driver/Src/stm32f4xx_hal_dma_ex.c" -mcpu=cortex-m4 -std=gnu11 -g3 -DDEBUG -DUSE_HAL_DRIVER -DSTM32F429xx -c -I../Core/Inc -I../Drivers/STM32F4xx_HAL_Driver/Inc -I../Drivers/STM32F4xx_HAL_Driver/Inc/Legacy -I../Drivers/CMSIS/Device/ST/STM32F4xx/Include -I../Drivers/CMSIS/Include -I../Middlewares/Third_Party/FreeRTOS/Source/include -I../Middlewares/Third_Party/FreeRTOS/Source/portable/GCC/ARM_CM4F -I../Middlewares/Third_Party/FreeRTOS/Source/CMSIS_RTOS_V2 -I"C:/Users/Ziad/Desktop/NTI/GP/ADAS_with_OTA_Updates/RTOS_APP/IR_Sensor/inc" -I"C:/Users/Ziad/Desktop/NTI/GP/ADAS_with_OTA_Updates/RTOS_APP/Motor_T/inc" -I"C:/Users/Ziad/Desktop/NTI/GP/ADAS_with_OTA_Updates/RTOS_APP/utils" -I"C:/Users/Ziad/Desktop/NTI/GP/ADAS_with_OTA_Updates/RTOS_APP/HCSR04" -O0 -ffunction-sections -fdata-sections -Wall -fstack-usage -MMD -MP -MF"Drivers/STM32F4xx_HAL_Driver/Src/stm32f4xx_hal_dma_ex.d" -MT"Drivers/STM32F4xx_HAL_Driver/Src/stm32f4xx_hal_dma_ex.o" --specs=nano.specs -mfpu=fpv4-sp-d16 -mfloat-abi=hard -mthumb -o "Drivers/STM32F4xx_HAL_Driver/Src/stm32f4xx_hal_dma_ex.o"
arm-none-eabi-gcc "../Drivers/STM32F4xx_HAL_Driver/Src/stm32f4xx_hal_exti.c" -mcpu=cortex-m4 -std=gnu11 -g3 -DDEBUG -DUSE_HAL_DRIVER -DSTM32F429xx -c -I../Core/Inc -I../Drivers/STM32F4xx_HAL_Driver/Inc -I../Drivers/STM32F4xx_HAL_Driver/Inc/Legacy -I../Drivers/CMSIS/Device/ST/STM32F4xx/Include -I../Drivers/CMSIS/Include -I../Middlewares/Third_Party/FreeRTOS/Source/include -I../Middlewares/Third_Party/FreeRTOS/Source/portable/GCC/ARM_CM4F -I../Middlewares/Third_Party/FreeRTOS/Source/CMSIS_RTOS_V2 -I"C:/Users/Ziad/Desktop/NTI/GP/ADAS_with_OTA_Updates/RTOS_APP/IR_Sensor/inc" -I"C:/Users/Ziad/Desktop/NTI/GP/ADAS_with_OTA_Updates/RTOS_APP/Motor_T/inc" -I"C:/Users/Ziad/Desktop/NTI/GP/ADAS_with_OTA_Updates/RTOS_APP/utils" -I"C:/Users/Ziad/Desktop/NTI/GP/ADAS_with_OTA_Updates/RTOS_APP/HCSR04" -O0 -ffunction-sections -fdata-sections -Wall -fstack-usage -MMD -MP -MF"Drivers/STM32F4xx_HAL_Driver/Src/stm32f4xx_hal_exti.d" -MT"Drivers/STM32F4xx_HAL_Driver/Src/stm32f4xx_hal_exti.o" --specs=nano.specs -mfpu=fpv4-sp-d16 -mfloat-abi=hard -mthumb -o "Drivers/STM32F4xx_HAL_Driver/Src/stm32f4xx_hal_exti.o"
arm-none-eabi-gcc "../Drivers/STM32F4xx_HAL_Driver/Src/stm32f4xx_hal_flash.c" -mcpu=cortex-m4 -std=gnu11 -g3 -DDEBUG -DUSE_HAL_DRIVER -DSTM32F429xx -c -I../Core/Inc -I../Drivers/STM32F4xx_HAL_Driver/Inc -I../Drivers/STM32F4xx_HAL_Driver/Inc/Legacy -I../Drivers/CMSIS/Device/ST/STM32F4xx/Include -I../Drivers/CMSIS/Include -I../Middlewares/Third_Party/FreeRTOS/Source/include -I../Middlewares/Third_Party/FreeRTOS/Source/portable/GCC/ARM_CM4F -I../Middlewares/Third_Party/FreeRTOS/Source/CMSIS_RTOS_V2 -I"C:/Users/Ziad/Desktop/NTI/GP/ADAS_with_OTA_Updates/RTOS_APP/IR_Sensor/inc" -I"C:/Users/Ziad/Desktop/NTI/GP/ADAS_with_OTA_Updates/RTOS_APP/Motor_T/inc" -I"C:/Users/Ziad/Desktop/NTI/GP/ADAS_with_OTA_Updates/RTOS_APP/utils" -I"C:/Users/Ziad/Desktop/NTI/GP/ADAS_with_OTA_Updates/RTOS_APP/HCSR04" -O0 -ffunction-sections -fdata-sections -Wall -fstack-usage -MMD -MP -MF"Drivers/STM32F4xx_HAL_Driver/Src/stm32f4xx_hal_flash.d" -MT"Drivers/STM32F4xx_HAL_Driver/Src/stm32f4xx_hal_flash.o" --specs=nano.specs -mfpu=fpv4-sp-d16 -mfloat-abi=hard -mthumb -o "Drivers/STM32F4xx_HAL_Driver/Src/stm32f4xx_hal_flash.o"
arm-none-eabi-gcc "../Drivers/STM32F4xx_HAL_Driver/Src/stm32f4xx_hal_flash_ex.c" -mcpu=cortex-m4 -std=gnu11 -g3 -DDEBUG -DUSE_HAL_DRIVER -DSTM32F429xx -c -I../Core/Inc -I../Drivers/STM32F4xx_HAL_Driver/Inc -I../Drivers/STM32F4xx_HAL_Driver/Inc/Legacy -I../Drivers/CMSIS/Device/ST/STM32F4xx/Include -I../Drivers/CMSIS/Include -I../Middlewares/Third_Party/FreeRTOS/Source/include -I../Middlewares/Third_Party/FreeRTOS/Source/portable/GCC/ARM_CM4F -I../Middlewares/Third_Party/FreeRTOS/Source/CMSIS_RTOS_V2 -I"C:/Users/Ziad/Desktop/NTI/GP/ADAS_with_OTA_Updates/RTOS_APP/IR_Sensor/inc" -I"C:/Users/Ziad/Desktop/NTI/GP/ADAS_with_OTA_Updates/RTOS_APP/Motor_T/inc" -I"C:/Users/Ziad/Desktop/NTI/GP/ADAS_with_OTA_Updates/RTOS_APP/utils" -I"C:/Users/Ziad/Desktop/NTI/GP/ADAS_with_OTA_Updates/RTOS_APP/HCSR04" -O0 -ffunction-sections -fdata-sections -Wall -fstack-usage -MMD -MP -MF"Drivers/STM32F4xx_HAL_Driver/Src/stm32f4xx_hal_flash_ex.d" -MT"Drivers/STM32F4xx_HAL_Driver/Src/stm32f4xx_hal_flash_ex.o" --specs=nano.specs -mfpu=fpv4-sp-d16 -mfloat-abi=hard -mthumb -o "Drivers/STM32F4xx_HAL_Driver/Src/stm32f4xx_hal_flash_ex.o"
arm-none-eabi-gcc "../Drivers/STM32F4xx_HAL_Driver/Src/stm32f4xx_hal_flash_ramfunc.c" -mcpu=cortex-m4 -std=gnu11 -g3 -DDEBUG -DUSE_HAL_DRIVER -DSTM32F429xx -c -I../Core/Inc -I../Drivers/STM32F4xx_HAL_Driver/Inc -I../Drivers/STM32F4xx_HAL_Driver/Inc/Legacy -I../Drivers/CMSIS/Device/ST/STM32F4xx/Include -I../Drivers/CMSIS/Include -I../Middlewares/Third_Party/FreeRTOS/Source/include -I../Middlewares/Third_Party/FreeRTOS/Source/portable/GCC/ARM_CM4F -I../Middlewares/Third_Party/FreeRTOS/Source/CMSIS_RTOS_V2 -I"C:/Users/Ziad/Desktop/NTI/GP/ADAS_with_OTA_Updates/RTOS_APP/IR_Sensor/inc" -I"C:/Users/Ziad/Desktop/NTI/GP/ADAS_with_OTA_Updates/RTOS_APP/Motor_T/inc" -I"C:/Users/Ziad/Desktop/NTI/GP/ADAS_with_OTA_Updates/RTOS_APP/utils" -I"C:/Users/Ziad/Desktop/NTI/GP/ADAS_with_OTA_Updates/RTOS_APP/HCSR04" -O0 -ffunction-sections -fdata-sections -Wall -fstack-usage -MMD -MP -MF"Drivers/STM32F4xx_HAL_Driver/Src/stm32f4xx_hal_flash_ramfunc.d" -MT"Drivers/STM32F4xx_HAL_Driver/Src/stm32f4xx_hal_flash_ramfunc.o" --specs=nano.specs -mfpu=fpv4-sp-d16 -mfloat-abi=hard -mthumb -o "Drivers/STM32F4xx_HAL_Driver/Src/stm32f4xx_hal_flash_ramfunc.o"
arm-none-eabi-gcc "../Drivers/STM32F4xx_HAL_Driver/Src/stm32f4xx_hal_gpio.c" -mcpu=cortex-m4 -std=gnu11 -g3 -DDEBUG -DUSE_HAL_DRIVER -DSTM32F429xx -c -I../Core/Inc -I../Drivers/STM32F4xx_HAL_Driver/Inc -I../Drivers/STM32F4xx_HAL_Driver/Inc/Legacy -I../Drivers/CMSIS/Device/ST/STM32F4xx/Include -I../Drivers/CMSIS/Include -I../Middlewares/Third_Party/FreeRTOS/Source/include -I../Middlewares/Third_Party/FreeRTOS/Source/portable/GCC/ARM_CM4F -I../Middlewares/Third_Party/FreeRTOS/Source/CMSIS_RTOS_V2 -I"C:/Users/Ziad/Desktop/NTI/GP/ADAS_with_OTA_Updates/RTOS_APP/IR_Sensor/inc" -I"C:/Users/Ziad/Desktop/NTI/GP/ADAS_with_OTA_Updates/RTOS_APP/Motor_T/inc" -I"C:/Users/Ziad/Desktop/NTI/GP/ADAS_with_OTA_Updates/RTOS_APP/utils" -I"C:/Users/Ziad/Desktop/NTI/GP/ADAS_with_OTA_Updates/RTOS_APP/HCSR04" -O0 -ffunction-sections -fdata-sections -Wall -fstack-usage -MMD -MP -MF"Drivers/STM32F4xx_HAL_Driver/Src/stm32f4xx_hal_gpio.d" -MT"Drivers/STM32F4xx_HAL_Driver/Src/stm32f4xx_hal_gpio.o" --specs=nano.specs -mfpu=fpv4-sp-d16 -mfloat-abi=hard -mthumb -o "Drivers/STM32F4xx_HAL_Driver/Src/stm32f4xx_hal_gpio.o"
arm-none-eabi-gcc "../Drivers/STM32F4xx_HAL_Driver/Src/stm32f4xx_hal_pwr.c" -mcpu=cortex-m4 -std=gnu11 -g3 -DDEBUG -DUSE_HAL_DRIVER -DSTM32F429xx -c -I../Core/Inc -I../Drivers/STM32F4xx_HAL_Driver/Inc -I../Drivers/STM32F4xx_HAL_Driver/Inc/Legacy -I../Drivers/CMSIS/Device/ST/STM32F4xx/Include -I../Drivers/CMSIS/Include -I../Middlewares/Third_Party/FreeRTOS/Source/include -I../Middlewares/Third_Party/FreeRTOS/Source/portable/GCC/ARM_CM4F -I../Middlewares/Third_Party/FreeRTOS/Source/CMSIS_RTOS_V2 -I"C:/Users/Ziad/Desktop/NTI/GP/ADAS_with_OTA_Updates/RTOS_APP/IR_Sensor/inc" -I"C:/Users/Ziad/Desktop/NTI/GP/ADAS_with_OTA_Updates/RTOS_APP/Motor_T/inc" -I"C:/Users/Ziad/Desktop/NTI/GP/ADAS_with_OTA_Updates/RTOS_APP/utils" -I"C:/Users/Ziad/Desktop/NTI/GP/ADAS_with_OTA_Updates/RTOS_APP/HCSR04" -O0 -ffunction-sections -fdata-sections -Wall -fstack-usage -MMD -MP -MF"Drivers/STM32F4xx_HAL_Driver/Src/stm32f4xx_hal_pwr.d" -MT"Drivers/STM32F4xx_HAL_Driver/Src/stm32f4xx_hal_pwr.o" --specs=nano.specs -mfpu=fpv4-sp-d16 -mfloat-abi=hard -mthumb -o "Drivers/STM32F4xx_HAL_Driver/Src/stm32f4xx_hal_pwr.o"
arm-none-eabi-gcc "../Drivers/STM32F4xx_HAL_Driver/Src/stm32f4xx_hal_pwr_ex.c" -mcpu=cortex-m4 -std=gnu11 -g3 -DDEBUG -DUSE_HAL_DRIVER -DSTM32F429xx -c -I../Core/Inc -I../Drivers/STM32F4xx_HAL_Driver/Inc -I../Drivers/STM32F4xx_HAL_Driver/Inc/Legacy -I../Drivers/CMSIS/Device/ST/STM32F4xx/Include -I../Drivers/CMSIS/Include -I../Middlewares/Third_Party/FreeRTOS/Source/include -I../Middlewares/Third_Party/FreeRTOS/Source/portable/GCC/ARM_CM4F -I../Middlewares/Third_Party/FreeRTOS/Source/CMSIS_RTOS_V2 -I"C:/Users/Ziad/Desktop/NTI/GP/ADAS_with_OTA_Updates/RTOS_APP/IR_Sensor/inc" -I"C:/Users/Ziad/Desktop/NTI/GP/ADAS_with_OTA_Updates/RTOS_APP/Motor_T/inc" -I"C:/Users/Ziad/Desktop/NTI/GP/ADAS_with_OTA_Updates/RTOS_APP/utils" -I"C:/Users/Ziad/Desktop/NTI/GP/ADAS_with_OTA_Updates/RTOS_APP/HCSR04" -O0 -ffunction-sections -fdata-sections -Wall -fstack-usage -MMD -MP -MF"Drivers/STM32F4xx_HAL_Driver/Src/stm32f4xx_hal_pwr_ex.d" -MT"Drivers/STM32F4xx_HAL_Driver/Src/stm32f4xx_hal_pwr_ex.o" --specs=nano.specs -mfpu=fpv4-sp-d16 -mfloat-abi=hard -mthumb -o "Drivers/STM32F4xx_HAL_Driver/Src/stm32f4xx_hal_pwr_ex.o"
arm-none-eabi-gcc "../Drivers/STM32F4xx_HAL_Driver/Src/stm32f4xx_hal_rcc.c" -mcpu=cortex-m4 -std=gnu11 -g3 -DDEBUG -DUSE_HAL_DRIVER -DSTM32F429xx -c -I../Core/Inc -I../Drivers/STM32F4xx_HAL_Driver/Inc -I../Drivers/STM32F4xx_HAL_Driver/Inc/Legacy -I../Drivers/CMSIS/Device/ST/STM32F4xx/Include -I../Drivers/CMSIS/Include -I../Middlewares/Third_Party/FreeRTOS/Source/include -I../Middlewares/Third_Party/FreeRTOS/Source/portable/GCC/ARM_CM4F -I../Middlewares/Third_Party/FreeRTOS/Source/CMSIS_RTOS_V2 -I"C:/Users/Ziad/Desktop/NTI/GP/ADAS_with_OTA_Updates/RTOS_APP/IR_Sensor/inc" -I"C:/Users/Ziad/Desktop/NTI/GP/ADAS_with_OTA_Updates/RTOS_APP/Motor_T/inc" -I"C:/Users/Ziad/Desktop/NTI/GP/ADAS_with_OTA_Updates/RTOS_APP/utils" -I"C:/Users/Ziad/Desktop/NTI/GP/ADAS_with_OTA_Updates/RTOS_APP/HCSR04" -O0 -ffunction-sections -fdata-sections -Wall -fstack-usage -MMD -MP -MF"Drivers/STM32F4xx_HAL_Driver/Src/stm32f4xx_hal_rcc.d" -MT"Drivers/STM32F4xx_HAL_Driver/Src/stm32f4xx_hal_rcc.o" --specs=nano.specs -mfpu=fpv4-sp-d16 -mfloat-abi=hard -mthumb -o "Drivers/STM32F4xx_HAL_Driver/Src/stm32f4xx_hal_rcc.o"
arm-none-eabi-gcc "../Drivers/STM32F4xx_HAL_Driver/Src/stm32f4xx_hal_rcc_ex.c" -mcpu=cortex-m4 -std=gnu11 -g3 -DDEBUG -DUSE_HAL_DRIVER -DSTM32F429xx -c -I../Core/Inc -I../Drivers/STM32F4xx_HAL_Driver/Inc -I../Drivers/STM32F4xx_HAL_Driver/Inc/Legacy -I../Drivers/CMSIS/Device/ST/STM32F4xx/Include -I../Drivers/CMSIS/Include -I../Middlewares/Third_Party/FreeRTOS/Source/include -I../Middlewares/Third_Party/FreeRTOS/Source/portable/GCC/ARM_CM4F -I../Middlewares/Third_Party/FreeRTOS/Source/CMSIS_RTOS_V2 -I"C:/Users/Ziad/Desktop/NTI/GP/ADAS_with_OTA_Updates/RTOS_APP/IR_Sensor/inc" -I"C:/Users/Ziad/Desktop/NTI/GP/ADAS_with_OTA_Updates/RTOS_APP/Motor_T/inc" -I"C:/Users/Ziad/Desktop/NTI/GP/ADAS_with_OTA_Updates/RTOS_APP/utils" -I"C:/Users/Ziad/Desktop/NTI/GP/ADAS_with_OTA_Updates/RTOS_APP/HCSR04" -O0 -ffunction-sections -fdata-sections -Wall -fstack-usage -MMD -MP -MF"Drivers/STM32F4xx_HAL_Driver/Src/stm32f4xx_hal_rcc_ex.d" -MT"Drivers/STM32F4xx_HAL_Driver/Src/stm32f4xx_hal_rcc_ex.o" --specs=nano.specs -mfpu=fpv4-sp-d16 -mfloat-abi=hard -mthumb -o "Drivers/STM32F4xx_HAL_Driver/Src/stm32f4xx_hal_rcc_ex.o"
arm-none-eabi-gcc "../Drivers/STM32F4xx_HAL_Driver/Src/stm32f4xx_hal_tim.c" -mcpu=cortex-m4 -std=gnu11 -g3 -DDEBUG -DUSE_HAL_DRIVER -DSTM32F429xx -c -I../Core/Inc -I../Drivers/STM32F4xx_HAL_Driver/Inc -I../Drivers/STM32F4xx_HAL_Driver/Inc/Legacy -I../Drivers/CMSIS/Device/ST/STM32F4xx/Include -I../Drivers/CMSIS/Include -I../Middlewares/Third_Party/FreeRTOS/Source/include -I../Middlewares/Third_Party/FreeRTOS/Source/portable/GCC/ARM_CM4F -I../Middlewares/Third_Party/FreeRTOS/Source/CMSIS_RTOS_V2 -I"C:/Users/Ziad/Desktop/NTI/GP/ADAS_with_OTA_Updates/RTOS_APP/IR_Sensor/inc" -I"C:/Users/Ziad/Desktop/NTI/GP/ADAS_with_OTA_Updates/RTOS_APP/Motor_T/inc" -I"C:/Users/Ziad/Desktop/NTI/GP/ADAS_with_OTA_Updates/RTOS_APP/utils" -I"C:/Users/Ziad/Desktop/NTI/GP/ADAS_with_OTA_Updates/RTOS_APP/HCSR04" -O0 -ffunction-sections -fdata-sections -Wall -fstack-usage -MMD -MP -MF"Drivers/STM32F4xx_HAL_Driver/Src/stm32f4xx_hal_tim.d" -MT"Drivers/STM32F4xx_HAL_Driver/Src/stm32f4xx_hal_tim.o" --specs=nano.specs -mfpu=fpv4-sp-d16 -mfloat-abi=hard -mthumb -o "Drivers/STM32F4xx_HAL_Driver/Src/stm32f4xx_hal_tim.o"
arm-none-eabi-gcc "../Drivers/STM32F4xx_HAL_Driver/Src/stm32f4xx_hal_tim_ex.c" -mcpu=cortex-m4 -std=gnu11 -g3 -DDEBUG -DUSE_HAL_DRIVER -DSTM32F429xx -c -I../Core/Inc -I../Drivers/STM32F4xx_HAL_Driver/Inc -I../Drivers/STM32F4xx_HAL_Driver/Inc/Legacy -I../Drivers/CMSIS/Device/ST/STM32F4xx/Include -I../Drivers/CMSIS/Include -I../Middlewares/Third_Party/FreeRTOS/Source/include -I../Middlewares/Third_Party/FreeRTOS/Source/portable/GCC/ARM_CM4F -I../Middlewares/Third_Party/FreeRTOS/Source/CMSIS_RTOS_V2 -I"C:/Users/Ziad/Desktop/NTI/GP/ADAS_with_OTA_Updates/RTOS_APP/IR_Sensor/inc" -I"C:/Users/Ziad/Desktop/NTI/GP/ADAS_with_OTA_Updates/RTOS_APP/Motor_T/inc" -I"C:/Users/Ziad/Desktop/NTI/GP/ADAS_with_OTA_Updates/RTOS_APP/utils" -I"C:/Users/Ziad/Desktop/NTI/GP/ADAS_with_OTA_Updates/RTOS_APP/HCSR04" -O0 -ffunction-sections -fdata-sections -Wall -fstack-usage -MMD -MP -MF"Drivers/STM32F4xx_HAL_Driver/Src/stm32f4xx_hal_tim_ex.d" -MT"Drivers/STM32F4xx_HAL_Driver/Src/stm32f4xx_hal_tim_ex.o" --specs=nano.specs -mfpu=fpv4-sp-d16 -mfloat-abi=hard -mthumb -o "Drivers/STM32F4xx_HAL_Driver/Src/stm32f4xx_hal_tim_ex.o"
arm-none-eabi-gcc "../Drivers/STM32F4xx_HAL_Driver/Src/stm32f4xx_hal_uart.c" -mcpu=cortex-m4 -std=gnu11 -g3 -DDEBUG -DUSE_HAL_DRIVER -DSTM32F429xx -c -I../Core/Inc -I../Drivers/STM32F4xx_HAL_Driver/Inc -I../Drivers/STM32F4xx_HAL_Driver/Inc/Legacy -I../Drivers/CMSIS/Device/ST/STM32F4xx/Include -I../Drivers/CMSIS/Include -I../Middlewares/Third_Party/FreeRTOS/Source/include -I../Middlewares/Third_Party/FreeRTOS/Source/portable/GCC/ARM_CM4F -I../Middlewares/Third_Party/FreeRTOS/Source/CMSIS_RTOS_V2 -I"C:/Users/Ziad/Desktop/NTI/GP/ADAS_with_OTA_Updates/RTOS_APP/IR_Sensor/inc" -I"C:/Users/Ziad/Desktop/NTI/GP/ADAS_with_OTA_Updates/RTOS_APP/Motor_T/inc" -I"C:/Users/Ziad/Desktop/NTI/GP/ADAS_with_OTA_Updates/RTOS_APP/utils" -I"C:/Users/Ziad/Desktop/NTI/GP/ADAS_with_OTA_Updates/RTOS_APP/HCSR04" -O0 -ffunction-sections -fdata-sections -Wall -fstack-usage -MMD -MP -MF"Drivers/STM32F4xx_HAL_Driver/Src/stm32f4xx_hal_uart.d" -MT"Drivers/STM32F4xx_HAL_Driver/Src/stm32f4xx_hal_uart.o" --specs=nano.specs -mfpu=fpv4-sp-d16 -mfloat-abi=hard -mthumb -o "Drivers/STM32F4xx_HAL_Driver/Src/stm32f4xx_hal_uart.o"
arm-none-eabi-gcc -mcpu=cortex-m4 -g3 -DDEBUG -c -x assembler-with-cpp -MMD -MP -MF"Core/Startup/startup_stm32f429zitx.d" -MT"Core/Startup/startup_stm32f429zitx.o" --specs=nano.specs -mfpu=fpv4-sp-d16 -mfloat-abi=hard -mthumb -o "Core/Startup/startup_stm32f429zitx.o" "../Core/Startup/startup_stm32f429zitx.s"
arm-none-eabi-gcc "../Core/Src/Blind_Spot.c" -mcpu=cortex-m4 -std=gnu11 -g3 -DDEBUG -DUSE_HAL_DRIVER -DSTM32F429xx -c -I../Core/Inc -I../Drivers/STM32F4xx_HAL_Driver/Inc -I../Drivers/STM32F4xx_HAL_Driver/Inc/Legacy -I../Drivers/CMSIS/Device/ST/STM32F4xx/Include -I../Drivers/CMSIS/Include -I../Middlewares/Third_Party/FreeRTOS/Source/include -I../Middlewares/Third_Party/FreeRTOS/Source/portable/GCC/ARM_CM4F -I../Middlewares/Third_Party/FreeRTOS/Source/CMSIS_RTOS_V2 -I"C:/Users/Ziad/Desktop/NTI/GP/ADAS_with_OTA_Updates/RTOS_APP/IR_Sensor/inc" -I"C:/Users/Ziad/Desktop/NTI/GP/ADAS_with_OTA_Updates/RTOS_APP/Motor_T/inc" -I"C:/Users/Ziad/Desktop/NTI/GP/ADAS_with_OTA_Updates/RTOS_APP/utils" -I"C:/Users/Ziad/Desktop/NTI/GP/ADAS_with_OTA_Updates/RTOS_APP/HCSR04" -O0 -ffunction-sections -fdata-sections -Wall -fstack-usage -MMD -MP -MF"Core/Src/Blind_Spot.d" -MT"Core/Src/Blind_Spot.o" --specs=nano.specs -mfpu=fpv4-sp-d16 -mfloat-abi=hard -mthumb -o "Core/Src/Blind_Spot.o"
arm-none-eabi-gcc "../Core/Src/UltraSonic.c" -mcpu=cortex-m4 -std=gnu11 -g3 -DDEBUG -DUSE_HAL_DRIVER -DSTM32F429xx -c -I../Core/Inc -I../Drivers/STM32F4xx_HAL_Driver/Inc -I../Drivers/STM32F4xx_HAL_Driver/Inc/Legacy -I../Drivers/CMSIS/Device/ST/STM32F4xx/Include -I../Drivers/CMSIS/Include -I../Middlewares/Third_Party/FreeRTOS/Source/include -I../Middlewares/Third_Party/FreeRTOS/Source/portable/GCC/ARM_CM4F -I../Middlewares/Third_Party/FreeRTOS/Source/CMSIS_RTOS_V2 -I"C:/Users/Ziad/Desktop/NTI/GP/ADAS_with_OTA_Updates/RTOS_APP/IR_Sensor/inc" -I"C:/Users/Ziad/Desktop/NTI/GP/ADAS_with_OTA_Updates/RTOS_APP/Motor_T/inc" -I"C:/Users/Ziad/Desktop/NTI/GP/ADAS_with_OTA_Updates/RTOS_APP/utils" -I"C:/Users/Ziad/Desktop/NTI/GP/ADAS_with_OTA_Updates/RTOS_APP/HCSR04" -O0 -ffunction-sections -fdata-sections -Wall -fstack-usage -MMD -MP -MF"Core/Src/UltraSonic.d" -MT"Core/Src/UltraSonic.o" --specs=nano.specs -mfpu=fpv4-sp-d16 -mfloat-abi=hard -mthumb -o "Core/Src/UltraSonic.o"
arm-none-eabi-gcc "../Core/Src/freertos.c" -mcpu=cortex-m4 -std=gnu11 -g3 -DDEBUG -DUSE_HAL_DRIVER -DSTM32F429xx -c -I../Core/Inc -I../Drivers/STM32F4xx_HAL_Driver/Inc -I../Drivers/STM32F4xx_HAL_Driver/Inc/Legacy -I../Drivers/CMSIS/Device/ST/STM32F4xx/Include -I../Drivers/CMSIS/Include -I../Middlewares/Third_Party/FreeRTOS/Source/include -I../Middlewares/Third_Party/FreeRTOS/Source/portable/GCC/ARM_CM4F -I../Middlewares/Third_Party/FreeRTOS/Source/CMSIS_RTOS_V2 -I"C:/Users/Ziad/Desktop/NTI/GP/ADAS_with_OTA_Updates/RTOS_APP/IR_Sensor/inc" -I"C:/Users/Ziad/Desktop/NTI/GP/ADAS_with_OTA_Updates/RTOS_APP/Motor_T/inc" -I"C:/Users/Ziad/Desktop/NTI/GP/ADAS_with_OTA_Updates/RTOS_APP/utils" -I"C:/Users/Ziad/Desktop/NTI/GP/ADAS_with_OTA_Updates/RTOS_APP/HCSR04" -O0 -ffunction-sections -fdata-sections -Wall -fstack-usage -MMD -MP -MF"Core/Src/freertos.d" -MT"Core/Src/freertos.o" --specs=nano.specs -mfpu=fpv4-sp-d16 -mfloat-abi=hard -mthumb -o "Core/Src/freertos.o"
arm-none-eabi-gcc "../Core/Src/lane_detection.c" -mcpu=cortex-m4 -std=gnu11 -g3 -DDEBUG -DUSE_HAL_DRIVER -DSTM32F429xx -c -I../Core/Inc -I../Drivers/STM32F4xx_HAL_Driver/Inc -I../Drivers/STM32F4xx_HAL_Driver/Inc/Legacy -I../Drivers/CMSIS/Device/ST/STM32F4xx/Include -I../Drivers/CMSIS/Include -I../Middlewares/Third_Party/FreeRTOS/Source/include -I../Middlewares/Third_Party/FreeRTOS/Source/portable/GCC/ARM_CM4F -I../Middlewares/Third_Party/FreeRTOS/Source/CMSIS_RTOS_V2 -I"C:/Users/Ziad/Desktop/NTI/GP/ADAS_with_OTA_Updates/RTOS_APP/IR_Sensor/inc" -I"C:/Users/Ziad/Desktop/NTI/GP/ADAS_with_OTA_Updates/RTOS_APP/Motor_T/inc" -I"C:/Users/Ziad/Desktop/NTI/GP/ADAS_with_OTA_Updates/RTOS_APP/utils" -I"C:/Users/Ziad/Desktop/NTI/GP/ADAS_with_OTA_Updates/RTOS_APP/HCSR04" -O0 -ffunction-sections -fdata-sections -Wall -fstack-usage -MMD -MP -MF"Core/Src/lane_detection.d" -MT"Core/Src/lane_detection.o" --specs=nano.specs -mfpu=fpv4-sp-d16 -mfloat-abi=hard -mthumb -o "Core/Src/lane_detection.o"
arm-none-eabi-gcc "../Core/Src/main.c" -mcpu=cortex-m4 -std=gnu11 -g3 -DDEBUG -DUSE_HAL_DRIVER -DSTM32F429xx -c -I../Core/Inc -I../Drivers/STM32F4xx_HAL_Driver/Inc -I../Drivers/STM32F4xx_HAL_Driver/Inc/Legacy -I../Drivers/CMSIS/Device/ST/STM32F4xx/Include -I../Drivers/CMSIS/Include -I../Middlewares/Third_Party/FreeRTOS/Source/include -I../Middlewares/Third_Party/FreeRTOS/Source/portable/GCC/ARM_CM4F -I../Middlewares/Third_Party/FreeRTOS/Source/CMSIS_RTOS_V2 -I"C:/Users/Ziad/Desktop/NTI/GP/ADAS_with_OTA_Updates/RTOS_APP/IR_Sensor/inc" -I"C:/Users/Ziad/Desktop/NTI/GP/ADAS_with_OTA_Updates/RTOS_APP/Motor_T/inc" -I"C:/Users/Ziad/Desktop/NTI/GP/ADAS_with_OTA_Updates/RTOS_APP/utils" -I"C:/Users/Ziad/Desktop/NTI/GP/ADAS_with_OTA_Updates/RTOS_APP/HCSR04" -O0 -ffunction-sections -fdata-sections -Wall -fstack-usage -MMD -MP -MF"Core/Src/main.d" -MT"Core/Src/main.o" --specs=nano.specs -mfpu=fpv4-sp-d16 -mfloat-abi=hard -mthumb -o "Core/Src/main.o"
arm-none-eabi-gcc "../Core/Src/stm32f4xx_hal_msp.c" -mcpu=cortex-m4 -std=gnu11 -g3 -DDEBUG -DUSE_HAL_DRIVER -DSTM32F429xx -c -I../Core/Inc -I../Drivers/STM32F4xx_HAL_Driver/Inc -I../Drivers/STM32F4xx_HAL_Driver/Inc/Legacy -I../Drivers/CMSIS/Device/ST/STM32F4xx/Include -I../Drivers/CMSIS/Include -I../Middlewares/Third_Party/FreeRTOS/Source/include -I../Middlewares/Third_Party/FreeRTOS/Source/portable/GCC/ARM_CM4F -I../Middlewares/Third_Party/FreeRTOS/Source/CMSIS_RTOS_V2 -I"C:/Users/Ziad/Desktop/NTI/GP/ADAS_with_OTA_Updates/RTOS_APP/IR_Sensor/inc" -I"C:/Users/Ziad/Desktop/NTI/GP/ADAS_with_OTA_Updates/RTOS_APP/Motor_T/inc" -I"C:/Users/Ziad/Desktop/NTI/GP/ADAS_with_OTA_Updates/RTOS_APP/utils" -I"C:/Users/Ziad/Desktop/NTI/GP/ADAS_with_OTA_Updates/RTOS_APP/HCSR04" -O0 -ffunction-sections -fdata-sections -Wall -fstack-usage -MMD -MP -MF"Core/Src/stm32f4xx_hal_msp.d" -MT"Core/Src/stm32f4xx_hal_msp.o" --specs=nano.specs -mfpu=fpv4-sp-d16 -mfloat-abi=hard -mthumb -o "Core/Src/stm32f4xx_hal_msp.o"
../Core/Src/main.c: In function 'AutoPark':
../Core/Src/main.c:722:5: warning: "/*" within comment [-Wcomment]
  722 |     /*Do Nothing*/
      |      
arm-none-eabi-gcc "../Core/Src/stm32f4xx_hal_timebase_tim.c" -mcpu=cortex-m4 -std=gnu11 -g3 -DDEBUG -DUSE_HAL_DRIVER -DSTM32F429xx -c -I../Core/Inc -I../Drivers/STM32F4xx_HAL_Driver/Inc -I../Drivers/STM32F4xx_HAL_Driver/Inc/Legacy -I../Drivers/CMSIS/Device/ST/STM32F4xx/Include -I../Drivers/CMSIS/Include -I../Middlewares/Third_Party/FreeRTOS/Source/include -I../Middlewares/Third_Party/FreeRTOS/Source/portable/GCC/ARM_CM4F -I../Middlewares/Third_Party/FreeRTOS/Source/CMSIS_RTOS_V2 -I"C:/Users/Ziad/Desktop/NTI/GP/ADAS_with_OTA_Updates/RTOS_APP/IR_Sensor/inc" -I"C:/Users/Ziad/Desktop/NTI/GP/ADAS_with_OTA_Updates/RTOS_APP/Motor_T/inc" -I"C:/Users/Ziad/Desktop/NTI/GP/ADAS_with_OTA_Updates/RTOS_APP/utils" -I"C:/Users/Ziad/Desktop/NTI/GP/ADAS_with_OTA_Updates/RTOS_APP/HCSR04" -O0 -ffunction-sections -fdata-sections -Wall -fstack-usage -MMD -MP -MF"Core/Src/stm32f4xx_hal_timebase_tim.d" -MT"Core/Src/stm32f4xx_hal_timebase_tim.o" --specs=nano.specs -mfpu=fpv4-sp-d16 -mfloat-abi=hard -mthumb -o "Core/Src/stm32f4xx_hal_timebase_tim.o"
arm-none-eabi-gcc "../Core/Src/stm32f4xx_it.c" -mcpu=cortex-m4 -std=gnu11 -g3 -DDEBUG -DUSE_HAL_DRIVER -DSTM32F429xx -c -I../Core/Inc -I../Drivers/STM32F4xx_HAL_Driver/Inc -I../Drivers/STM32F4xx_HAL_Driver/Inc/Legacy -I../Drivers/CMSIS/Device/ST/STM32F4xx/Include -I../Drivers/CMSIS/Include -I../Middlewares/Third_Party/FreeRTOS/Source/include -I../Middlewares/Third_Party/FreeRTOS/Source/portable/GCC/ARM_CM4F -I../Middlewares/Third_Party/FreeRTOS/Source/CMSIS_RTOS_V2 -I"C:/Users/Ziad/Desktop/NTI/GP/ADAS_with_OTA_Updates/RTOS_APP/IR_Sensor/inc" -I"C:/Users/Ziad/Desktop/NTI/GP/ADAS_with_OTA_Updates/RTOS_APP/Motor_T/inc" -I"C:/Users/Ziad/Desktop/NTI/GP/ADAS_with_OTA_Updates/RTOS_APP/utils" -I"C:/Users/Ziad/Desktop/NTI/GP/ADAS_with_OTA_Updates/RTOS_APP/HCSR04" -O0 -ffunction-sections -fdata-sections -Wall -fstack-usage -MMD -MP -MF"Core/Src/stm32f4xx_it.d" -MT"Core/Src/stm32f4xx_it.o" --specs=nano.specs -mfpu=fpv4-sp-d16 -mfloat-abi=hard -mthumb -o "Core/Src/stm32f4xx_it.o"
arm-none-eabi-gcc "../Core/Src/syscalls.c" -mcpu=cortex-m4 -std=gnu11 -g3 -DDEBUG -DUSE_HAL_DRIVER -DSTM32F429xx -c -I../Core/Inc -I../Drivers/STM32F4xx_HAL_Driver/Inc -I../Drivers/STM32F4xx_HAL_Driver/Inc/Legacy -I../Drivers/CMSIS/Device/ST/STM32F4xx/Include -I../Drivers/CMSIS/Include -I../Middlewares/Third_Party/FreeRTOS/Source/include -I../Middlewares/Third_Party/FreeRTOS/Source/portable/GCC/ARM_CM4F -I../Middlewares/Third_Party/FreeRTOS/Source/CMSIS_RTOS_V2 -I"C:/Users/Ziad/Desktop/NTI/GP/ADAS_with_OTA_Updates/RTOS_APP/IR_Sensor/inc" -I"C:/Users/Ziad/Desktop/NTI/GP/ADAS_with_OTA_Updates/RTOS_APP/Motor_T/inc" -I"C:/Users/Ziad/Desktop/NTI/GP/ADAS_with_OTA_Updates/RTOS_APP/utils" -I"C:/Users/Ziad/Desktop/NTI/GP/ADAS_with_OTA_Updates/RTOS_APP/HCSR04" -O0 -ffunction-sections -fdata-sections -Wall -fstack-usage -MMD -MP -MF"Core/Src/syscalls.d" -MT"Core/Src/syscalls.o" --specs=nano.specs -mfpu=fpv4-sp-d16 -mfloat-abi=hard -mthumb -o "Core/Src/syscalls.o"
arm-none-eabi-gcc "../Core/Src/sysmem.c" -mcpu=cortex-m4 -std=gnu11 -g3 -DDEBUG -DUSE_HAL_DRIVER -DSTM32F429xx -c -I../Core/Inc -I../Drivers/STM32F4xx_HAL_Driver/Inc -I../Drivers/STM32F4xx_HAL_Driver/Inc/Legacy -I../Drivers/CMSIS/Device/ST/STM32F4xx/Include -I../Drivers/CMSIS/Include -I../Middlewares/Third_Party/FreeRTOS/Source/include -I../Middlewares/Third_Party/FreeRTOS/Source/portable/GCC/ARM_CM4F -I../Middlewares/Third_Party/FreeRTOS/Source/CMSIS_RTOS_V2 -I"C:/Users/Ziad/Desktop/NTI/GP/ADAS_with_OTA_Updates/RTOS_APP/IR_Sensor/inc" -I"C:/Users/Ziad/Desktop/NTI/GP/ADAS_with_OTA_Updates/RTOS_APP/Motor_T/inc" -I"C:/Users/Ziad/Desktop/NTI/GP/ADAS_with_OTA_Updates/RTOS_APP/utils" -I"C:/Users/Ziad/Desktop/NTI/GP/ADAS_with_OTA_Updates/RTOS_APP/HCSR04" -O0 -ffunction-sections -fdata-sections -Wall -fstack-usage -MMD -MP -MF"Core/Src/sysmem.d" -MT"Core/Src/sysmem.o" --specs=nano.specs -mfpu=fpv4-sp-d16 -mfloat-abi=hard -mthumb -o "Core/Src/sysmem.o"
arm-none-eabi-gcc "../Core/Src/system_stm32f4xx.c" -mcpu=cortex-m4 -std=gnu11 -g3 -DDEBUG -DUSE_HAL_DRIVER -DSTM32F429xx -c -I../Core/Inc -I../Drivers/STM32F4xx_HAL_Driver/Inc -I../Drivers/STM32F4xx_HAL_Driver/Inc/Legacy -I../Drivers/CMSIS/Device/ST/STM32F4xx/Include -I../Drivers/CMSIS/Include -I../Middlewares/Third_Party/FreeRTOS/Source/include -I../Middlewares/Third_Party/FreeRTOS/Source/portable/GCC/ARM_CM4F -I../Middlewares/Third_Party/FreeRTOS/Source/CMSIS_RTOS_V2 -I"C:/Users/Ziad/Desktop/NTI/GP/ADAS_with_OTA_Updates/RTOS_APP/IR_Sensor/inc" -I"C:/Users/Ziad/Desktop/NTI/GP/ADAS_with_OTA_Updates/RTOS_APP/Motor_T/inc" -I"C:/Users/Ziad/Desktop/NTI/GP/ADAS_with_OTA_Updates/RTOS_APP/utils" -I"C:/Users/Ziad/Desktop/NTI/GP/ADAS_with_OTA_Updates/RTOS_APP/HCSR04" -O0 -ffunction-sections -fdata-sections -Wall -fstack-usage -MMD -MP -MF"Core/Src/system_stm32f4xx.d" -MT"Core/Src/system_stm32f4xx.o" --specs=nano.specs -mfpu=fpv4-sp-d16 -mfloat-abi=hard -mthumb -o "Core/Src/system_stm32f4xx.o"
arm-none-eabi-gcc -o "RTOS_APP.elf" @"objects.list"   -mcpu=cortex-m4 -T"C:\Users\Ziad\Desktop\NTI\GP\ADAS_with_OTA_Updates\RTOS_APP\STM32F429ZITX_FLASH.ld" --specs=nosys.specs -Wl,-Map="RTOS_APP.map" -Wl,--gc-sections -static --specs=nano.specs -mfpu=fpv4-sp-d16 -mfloat-abi=hard -mthumb -Wl,--start-group -lc -lm -Wl,--end-group
Finished building target: RTOS_APP.elf
 
arm-none-eabi-size   RTOS_APP.elf 
arm-none-eabi-objdump -h -S  RTOS_APP.elf  > "RTOS_APP.list"
arm-none-eabi-objcopy  -O ihex  RTOS_APP.elf  "RTOS_APP.hex"
arm-none-eabi-objcopy  -O binary  RTOS_APP.elf  "RTOS_APP.bin"
   text	   data	    bss	    dec	    hex	filename
  36740	     24	  20800	  57564	   e0dc	RTOS_APP.elf
Finished building: default.size.stdout
 
Finished building: RTOS_APP.bin
Finished building: RTOS_APP.hex
 
 
Finished building: RTOS_APP.list
 
09:24:05 **** Incremental Build of configuration Debug for project RTOS_APP ****
make -j4 all 
arm-none-eabi-gcc "../Core/Src/UltraSonic.c" -mcpu=cortex-m4 -std=gnu11 -g3 -DDEBUG -DUSE_HAL_DRIVER -DSTM32F429xx -c -I../Core/Inc -I../Drivers/STM32F4xx_HAL_Driver/Inc -I../Drivers/STM32F4xx_HAL_Driver/Inc/Legacy -I../Drivers/CMSIS/Device/ST/STM32F4xx/Include -I../Drivers/CMSIS/Include -I../Middlewares/Third_Party/FreeRTOS/Source/include -I../Middlewares/Third_Party/FreeRTOS/Source/portable/GCC/ARM_CM4F -I../Middlewares/Third_Party/FreeRTOS/Source/CMSIS_RTOS_V2 -I"C:/Users/Ziad/Desktop/NTI/GP/ADAS_with_OTA_Updates/RTOS_APP/IR_Sensor/inc" -I"C:/Users/Ziad/Desktop/NTI/GP/ADAS_with_OTA_Updates/RTOS_APP/Motor_T/inc" -I"C:/Users/Ziad/Desktop/NTI/GP/ADAS_with_OTA_Updates/RTOS_APP/utils" -I"C:/Users/Ziad/Desktop/NTI/GP/ADAS_with_OTA_Updates/RTOS_APP/HCSR04" -O0 -ffunction-sections -fdata-sections -Wall -fstack-usage -MMD -MP -MF"Core/Src/UltraSonic.d" -MT"Core/Src/UltraSonic.o" --specs=nano.specs -mfpu=fpv4-sp-d16 -mfloat-abi=hard -mthumb -o "Core/Src/UltraSonic.o"
arm-none-eabi-gcc "../Core/Src/main.c" -mcpu=cortex-m4 -std=gnu11 -g3 -DDEBUG -DUSE_HAL_DRIVER -DSTM32F429xx -c -I../Core/Inc -I../Drivers/STM32F4xx_HAL_Driver/Inc -I../Drivers/STM32F4xx_HAL_Driver/Inc/Legacy -I../Drivers/CMSIS/Device/ST/STM32F4xx/Include -I../Drivers/CMSIS/Include -I../Middlewares/Third_Party/FreeRTOS/Source/include -I../Middlewares/Third_Party/FreeRTOS/Source/portable/GCC/ARM_CM4F -I../Middlewares/Third_Party/FreeRTOS/Source/CMSIS_RTOS_V2 -I"C:/Users/Ziad/Desktop/NTI/GP/ADAS_with_OTA_Updates/RTOS_APP/IR_Sensor/inc" -I"C:/Users/Ziad/Desktop/NTI/GP/ADAS_with_OTA_Updates/RTOS_APP/Motor_T/inc" -I"C:/Users/Ziad/Desktop/NTI/GP/ADAS_with_OTA_Updates/RTOS_APP/utils" -I"C:/Users/Ziad/Desktop/NTI/GP/ADAS_with_OTA_Updates/RTOS_APP/HCSR04" -O0 -ffunction-sections -fdata-sections -Wall -fstack-usage -MMD -MP -MF"Core/Src/main.d" -MT"Core/Src/main.o" --specs=nano.specs -mfpu=fpv4-sp-d16 -mfloat-abi=hard -mthumb -o "Core/Src/main.o"
../Core/Src/main.c: In function 'AutoPark':
../Core/Src/main.c:722:5: warning: "/*" within comment [-Wcomment]
  722 |     /*Do Nothing*/
      |      
arm-none-eabi-gcc -o "RTOS_APP.elf" @"objects.list"   -mcpu=cortex-m4 -T"C:\Users\Ziad\Desktop\NTI\GP\ADAS_with_OTA_Updates\RTOS_APP\STM32F429ZITX_FLASH.ld" --specs=nosys.specs -Wl,-Map="RTOS_APP.map" -Wl,--gc-sections -static --specs=nano.specs -mfpu=fpv4-sp-d16 -mfloat-abi=hard -mthumb -Wl,--start-group -lc -lm -Wl,--end-group
Finished building target: RTOS_APP.elf
 
arm-none-eabi-size   RTOS_APP.elf 
arm-none-eabi-objdump -h -S  RTOS_APP.elf  > "RTOS_APP.list"
arm-none-eabi-objcopy  -O ihex  RTOS_APP.elf  "RTOS_APP.hex"
   text	   data	    bss	    dec	    hex	filename
  37748	     40	  20832	  58620	   e4fc	RTOS_APP.elf
arm-none-eabi-objcopy  -O binary  RTOS_APP.elf  "RTOS_APP.bin"
Finished building: default.size.stdout
 
Finished building: RTOS_APP.bin
Finished building: RTOS_APP.hex
 
 
Finished building: RTOS_APP.list
 
09:27:17 **** Incremental Build of configuration Debug for project RTOS_APP ****
make -j4 all 
arm-none-eabi-gcc "../Core/Src/UltraSonic.c" -mcpu=cortex-m4 -std=gnu11 -g3 -DDEBUG -DUSE_HAL_DRIVER -DSTM32F429xx -c -I../Core/Inc -I../Drivers/STM32F4xx_HAL_Driver/Inc -I../Drivers/STM32F4xx_HAL_Driver/Inc/Legacy -I../Drivers/CMSIS/Device/ST/STM32F4xx/Include -I../Drivers/CMSIS/Include -I../Middlewares/Third_Party/FreeRTOS/Source/include -I../Middlewares/Third_Party/FreeRTOS/Source/portable/GCC/ARM_CM4F -I../Middlewares/Third_Party/FreeRTOS/Source/CMSIS_RTOS_V2 -I"C:/Users/Ziad/Desktop/NTI/GP/ADAS_with_OTA_Updates/RTOS_APP/IR_Sensor/inc" -I"C:/Users/Ziad/Desktop/NTI/GP/ADAS_with_OTA_Updates/RTOS_APP/Motor_T/inc" -I"C:/Users/Ziad/Desktop/NTI/GP/ADAS_with_OTA_Updates/RTOS_APP/utils" -I"C:/Users/Ziad/Desktop/NTI/GP/ADAS_with_OTA_Updates/RTOS_APP/HCSR04" -O0 -ffunction-sections -fdata-sections -Wall -fstack-usage -MMD -MP -MF"Core/Src/UltraSonic.d" -MT"Core/Src/UltraSonic.o" --specs=nano.specs -mfpu=fpv4-sp-d16 -mfloat-abi=hard -mthumb -o "Core/Src/UltraSonic.o"
arm-none-eabi-gcc "../Core/Src/main.c" -mcpu=cortex-m4 -std=gnu11 -g3 -DDEBUG -DUSE_HAL_DRIVER -DSTM32F429xx -c -I../Core/Inc -I../Drivers/STM32F4xx_HAL_Driver/Inc -I../Drivers/STM32F4xx_HAL_Driver/Inc/Legacy -I../Drivers/CMSIS/Device/ST/STM32F4xx/Include -I../Drivers/CMSIS/Include -I../Middlewares/Third_Party/FreeRTOS/Source/include -I../Middlewares/Third_Party/FreeRTOS/Source/portable/GCC/ARM_CM4F -I../Middlewares/Third_Party/FreeRTOS/Source/CMSIS_RTOS_V2 -I"C:/Users/Ziad/Desktop/NTI/GP/ADAS_with_OTA_Updates/RTOS_APP/IR_Sensor/inc" -I"C:/Users/Ziad/Desktop/NTI/GP/ADAS_with_OTA_Updates/RTOS_APP/Motor_T/inc" -I"C:/Users/Ziad/Desktop/NTI/GP/ADAS_with_OTA_Updates/RTOS_APP/utils" -I"C:/Users/Ziad/Desktop/NTI/GP/ADAS_with_OTA_Updates/RTOS_APP/HCSR04" -O0 -ffunction-sections -fdata-sections -Wall -fstack-usage -MMD -MP -MF"Core/Src/main.d" -MT"Core/Src/main.o" --specs=nano.specs -mfpu=fpv4-sp-d16 -mfloat-abi=hard -mthumb -o "Core/Src/main.o"
../Core/Src/main.c: In function 'main':
../Core/Src/main.c:123:2: warning: implicit declaration of function 'DWT_Delay_Init' [-Wimplicit-function-declaration]
  123 |  DWT_Delay_Init();
      |  ^~~~~~~~~~~~~~
../Core/Src/main.c: In function 'AutoPark':
../Core/Src/main.c:722:5: warning: "/*" within comment [-Wcomment]
  722 |     /*Do Nothing*/
      |      
arm-none-eabi-gcc -o "RTOS_APP.elf" @"objects.list"   -mcpu=cortex-m4 -T"C:\Users\Ziad\Desktop\NTI\GP\ADAS_with_OTA_Updates\RTOS_APP\STM32F429ZITX_FLASH.ld" --specs=nosys.specs -Wl,-Map="RTOS_APP.map" -Wl,--gc-sections -static --specs=nano.specs -mfpu=fpv4-sp-d16 -mfloat-abi=hard -mthumb -Wl,--start-group -lc -lm -Wl,--end-group
Finished building target: RTOS_APP.elf
 
arm-none-eabi-size   RTOS_APP.elf 
arm-none-eabi-objdump -h -S  RTOS_APP.elf  > "RTOS_APP.list"
arm-none-eabi-objcopy  -O ihex  RTOS_APP.elf  "RTOS_APP.hex"
   text	   data	    bss	    dec	    hex	filename
  37860	     40	  20832	  58732	   e56c	RTOS_APP.elf
arm-none-eabi-objcopy  -O binary  RTOS_APP.elf  "RTOS_APP.bin"
Finished building: default.size.stdout
 
Finished building: RTOS_APP.hex
Finished building: RTOS_APP.bin
 
 
Finished building: RTOS_APP.list
 
09:28:36 **** Incremental Build of configuration Debug for project RTOS_APP ****
make -j4 all 
arm-none-eabi-size   RTOS_APP.elf 
   text	   data	    bss	    dec	    hex	filename
  37860	     40	  20832	  58732	   e56c	RTOS_APP.elf
Finished building: default.size.stdout
 
09:29:37 **** Incremental Build of configuration Debug for project RTOS_APP ****
make -j4 all 
arm-none-eabi-size   RTOS_APP.elf 
   text	   data	    bss	    dec	    hex	filename
  37860	     40	  20832	  58732	   e56c	RTOS_APP.elf
Finished building: default.size.stdout
 
09:32:46 **** Incremental Build of configuration Debug for project RTOS_APP ****
make -j4 all 
arm-none-eabi-size   RTOS_APP.elf 
   text	   data	    bss	    dec	    hex	filename
  37860	     40	  20832	  58732	   e56c	RTOS_APP.elf
Finished building: default.size.stdout
 
09:34:11 **** Incremental Build of configuration Debug for project RTOS_APP ****
make -j4 all 
arm-none-eabi-size   RTOS_APP.elf 
   text	   data	    bss	    dec	    hex	filename
  37860	     40	  20832	  58732	   e56c	RTOS_APP.elf
Finished building: default.size.stdout
 
09:35:31 **** Incremental Build of configuration Debug for project RTOS_APP ****
make -j4 all 
arm-none-eabi-size   RTOS_APP.elf 
   text	   data	    bss	    dec	    hex	filename
  37860	     40	  20832	  58732	   e56c	RTOS_APP.elf
Finished building: default.size.stdout
 
13:22:50 **** Incremental Build of configuration Debug for project RTOS_APP ****
make -j4 all 
arm-none-eabi-size   RTOS_APP.elf 
   text	   data	    bss	    dec	    hex	filename
  37860	     40	  20832	  58732	   e56c	RTOS_APP.elf
Finished building: default.size.stdout
 
13:24:22 **** Incremental Build of configuration Debug for project RTOS_APP ****
make -j4 all 
arm-none-eabi-size   RTOS_APP.elf 
   text	   data	    bss	    dec	    hex	filename
  37860	     40	  20832	  58732	   e56c	RTOS_APP.elf
Finished building: default.size.stdout
 
13:28:35 **** Incremental Build of configuration Debug for project RTOS_APP ****
make -j4 all 
arm-none-eabi-gcc "../Core/Src/main.c" -mcpu=cortex-m4 -std=gnu11 -g3 -DDEBUG -DUSE_HAL_DRIVER -DSTM32F429xx -c -I../Core/Inc -I../Drivers/STM32F4xx_HAL_Driver/Inc -I../Drivers/STM32F4xx_HAL_Driver/Inc/Legacy -I../Drivers/CMSIS/Device/ST/STM32F4xx/Include -I../Drivers/CMSIS/Include -I../Middlewares/Third_Party/FreeRTOS/Source/include -I../Middlewares/Third_Party/FreeRTOS/Source/portable/GCC/ARM_CM4F -I../Middlewares/Third_Party/FreeRTOS/Source/CMSIS_RTOS_V2 -I"C:/Users/Ziad/Desktop/NTI/GP/ADAS_with_OTA_Updates/RTOS_APP/IR_Sensor/inc" -I"C:/Users/Ziad/Desktop/NTI/GP/ADAS_with_OTA_Updates/RTOS_APP/Motor_T/inc" -I"C:/Users/Ziad/Desktop/NTI/GP/ADAS_with_OTA_Updates/RTOS_APP/utils" -I"C:/Users/Ziad/Desktop/NTI/GP/ADAS_with_OTA_Updates/RTOS_APP/HCSR04" -O0 -ffunction-sections -fdata-sections -Wall -fstack-usage -MMD -MP -MF"Core/Src/main.d" -MT"Core/Src/main.o" --specs=nano.specs -mfpu=fpv4-sp-d16 -mfloat-abi=hard -mthumb -o "Core/Src/main.o"
../Core/Src/main.c: In function 'main':
../Core/Src/main.c:123:2: warning: implicit declaration of function 'DWT_Delay_Init' [-Wimplicit-function-declaration]
  123 |  DWT_Delay_Init();
      |  ^~~~~~~~~~~~~~
../Core/Src/main.c: In function 'AutoPark':
../Core/Src/main.c:722:5: warning: "/*" within comment [-Wcomment]
  722 |     /*Do Nothing*/
      |      
arm-none-eabi-gcc -o "RTOS_APP.elf" @"objects.list"   -mcpu=cortex-m4 -T"C:\Users\Ziad\Desktop\NTI\GP\ADAS_with_OTA_Updates\RTOS_APP\STM32F429ZITX_FLASH.ld" --specs=nosys.specs -Wl,-Map="RTOS_APP.map" -Wl,--gc-sections -static --specs=nano.specs -mfpu=fpv4-sp-d16 -mfloat-abi=hard -mthumb -Wl,--start-group -lc -lm -Wl,--end-group
Finished building target: RTOS_APP.elf
 
arm-none-eabi-size   RTOS_APP.elf 
arm-none-eabi-objdump -h -S  RTOS_APP.elf  > "RTOS_APP.list"
arm-none-eabi-objcopy  -O ihex  RTOS_APP.elf  "RTOS_APP.hex"
   text	   data	    bss	    dec	    hex	filename
  37860	     40	  20832	  58732	   e56c	RTOS_APP.elf
arm-none-eabi-objcopy  -O binary  RTOS_APP.elf  "RTOS_APP.bin"
Finished building: default.size.stdout
 
Finished building: RTOS_APP.hex
Finished building: RTOS_APP.bin
 
 
Finished building: RTOS_APP.list
 
13:31:01 **** Incremental Build of configuration Debug for project RTOS_APP ****
make -j4 all 
arm-none-eabi-size   RTOS_APP.elf 
   text	   data	    bss	    dec	    hex	filename
  37860	     40	  20832	  58732	   e56c	RTOS_APP.elf
Finished building: default.size.stdout
 
13:33:37 **** Incremental Build of configuration Debug for project RTOS_APP ****
make -j4 all 
arm-none-eabi-gcc "../Core/Src/main.c" -mcpu=cortex-m4 -std=gnu11 -g3 -DDEBUG -DUSE_HAL_DRIVER -DSTM32F429xx -c -I../Core/Inc -I../Drivers/STM32F4xx_HAL_Driver/Inc -I../Drivers/STM32F4xx_HAL_Driver/Inc/Legacy -I../Drivers/CMSIS/Device/ST/STM32F4xx/Include -I../Drivers/CMSIS/Include -I../Middlewares/Third_Party/FreeRTOS/Source/include -I../Middlewares/Third_Party/FreeRTOS/Source/portable/GCC/ARM_CM4F -I../Middlewares/Third_Party/FreeRTOS/Source/CMSIS_RTOS_V2 -I"C:/Users/Ziad/Desktop/NTI/GP/ADAS_with_OTA_Updates/RTOS_APP/IR_Sensor/inc" -I"C:/Users/Ziad/Desktop/NTI/GP/ADAS_with_OTA_Updates/RTOS_APP/Motor_T/inc" -I"C:/Users/Ziad/Desktop/NTI/GP/ADAS_with_OTA_Updates/RTOS_APP/utils" -I"C:/Users/Ziad/Desktop/NTI/GP/ADAS_with_OTA_Updates/RTOS_APP/HCSR04" -O0 -ffunction-sections -fdata-sections -Wall -fstack-usage -MMD -MP -MF"Core/Src/main.d" -MT"Core/Src/main.o" --specs=nano.specs -mfpu=fpv4-sp-d16 -mfloat-abi=hard -mthumb -o "Core/Src/main.o"
../Core/Src/main.c: In function 'main':
../Core/Src/main.c:123:2: warning: implicit declaration of function 'DWT_Delay_Init' [-Wimplicit-function-declaration]
  123 |  DWT_Delay_Init();
      |  ^~~~~~~~~~~~~~
../Core/Src/main.c: In function 'AutoPark':
../Core/Src/main.c:722:5: warning: "/*" within comment [-Wcomment]
  722 |     /*Do Nothing*/
      |      
../Core/Src/main.c:701:11: warning: unused variable 'Distances' [-Wunused-variable]
  701 |  uint16_t Distances[4] = { 0 }; // Array to store distances from the ultrasonic sensors.
      |           ^~~~~~~~~
arm-none-eabi-gcc -o "RTOS_APP.elf" @"objects.list"   -mcpu=cortex-m4 -T"C:\Users\Ziad\Desktop\NTI\GP\ADAS_with_OTA_Updates\RTOS_APP\STM32F429ZITX_FLASH.ld" --specs=nosys.specs -Wl,-Map="RTOS_APP.map" -Wl,--gc-sections -static --specs=nano.specs -mfpu=fpv4-sp-d16 -mfloat-abi=hard -mthumb -Wl,--start-group -lc -lm -Wl,--end-group
Finished building target: RTOS_APP.elf
 
arm-none-eabi-size   RTOS_APP.elf 
arm-none-eabi-objdump -h -S  RTOS_APP.elf  > "RTOS_APP.list"
arm-none-eabi-objcopy  -O ihex  RTOS_APP.elf  "RTOS_APP.hex"
   text	   data	    bss	    dec	    hex	filename
  37732	     40	  20832	  58604	   e4ec	RTOS_APP.elf
arm-none-eabi-objcopy  -O binary  RTOS_APP.elf  "RTOS_APP.bin"
Finished building: default.size.stdout
 
Finished building: RTOS_APP.hex
Finished building: RTOS_APP.bin
 
 
Finished building: RTOS_APP.list
 
13:34:53 **** Incremental Build of configuration Debug for project RTOS_APP ****
make -j4 all 
arm-none-eabi-gcc "../Core/Src/main.c" -mcpu=cortex-m4 -std=gnu11 -g3 -DDEBUG -DUSE_HAL_DRIVER -DSTM32F429xx -c -I../Core/Inc -I../Drivers/STM32F4xx_HAL_Driver/Inc -I../Drivers/STM32F4xx_HAL_Driver/Inc/Legacy -I../Drivers/CMSIS/Device/ST/STM32F4xx/Include -I../Drivers/CMSIS/Include -I../Middlewares/Third_Party/FreeRTOS/Source/include -I../Middlewares/Third_Party/FreeRTOS/Source/portable/GCC/ARM_CM4F -I../Middlewares/Third_Party/FreeRTOS/Source/CMSIS_RTOS_V2 -I"C:/Users/Ziad/Desktop/NTI/GP/ADAS_with_OTA_Updates/RTOS_APP/IR_Sensor/inc" -I"C:/Users/Ziad/Desktop/NTI/GP/ADAS_with_OTA_Updates/RTOS_APP/Motor_T/inc" -I"C:/Users/Ziad/Desktop/NTI/GP/ADAS_with_OTA_Updates/RTOS_APP/utils" -I"C:/Users/Ziad/Desktop/NTI/GP/ADAS_with_OTA_Updates/RTOS_APP/HCSR04" -O0 -ffunction-sections -fdata-sections -Wall -fstack-usage -MMD -MP -MF"Core/Src/main.d" -MT"Core/Src/main.o" --specs=nano.specs -mfpu=fpv4-sp-d16 -mfloat-abi=hard -mthumb -o "Core/Src/main.o"
../Core/Src/main.c: In function 'main':
../Core/Src/main.c:123:2: warning: implicit declaration of function 'DWT_Delay_Init' [-Wimplicit-function-declaration]
  123 |  DWT_Delay_Init();
      |  ^~~~~~~~~~~~~~
../Core/Src/main.c: In function 'AutoPark':
../Core/Src/main.c:722:5: warning: "/*" within comment [-Wcomment]
  722 |     /*Do Nothing*/
      |      
../Core/Src/main.c:701:11: warning: unused variable 'Distances' [-Wunused-variable]
  701 |  uint16_t Distances[4] = { 0 }; // Array to store distances from the ultrasonic sensors.
      |           ^~~~~~~~~
arm-none-eabi-gcc -o "RTOS_APP.elf" @"objects.list"   -mcpu=cortex-m4 -T"C:\Users\Ziad\Desktop\NTI\GP\ADAS_with_OTA_Updates\RTOS_APP\STM32F429ZITX_FLASH.ld" --specs=nosys.specs -Wl,-Map="RTOS_APP.map" -Wl,--gc-sections -static --specs=nano.specs -mfpu=fpv4-sp-d16 -mfloat-abi=hard -mthumb -Wl,--start-group -lc -lm -Wl,--end-group
Finished building target: RTOS_APP.elf
 
arm-none-eabi-size   RTOS_APP.elf 
arm-none-eabi-objdump -h -S  RTOS_APP.elf  > "RTOS_APP.list"
arm-none-eabi-objcopy  -O ihex  RTOS_APP.elf  "RTOS_APP.hex"
   text	   data	    bss	    dec	    hex	filename
  37732	     40	  20832	  58604	   e4ec	RTOS_APP.elf
arm-none-eabi-objcopy  -O binary  RTOS_APP.elf  "RTOS_APP.bin"
Finished building: default.size.stdout
 
Finished building: RTOS_APP.hex
Finished building: RTOS_APP.bin
 
 
Finished building: RTOS_APP.list
 
13:35:41 **** Incremental Build of configuration Debug for project RTOS_APP ****
make -j4 all 
arm-none-eabi-gcc "../Core/Src/main.c" -mcpu=cortex-m4 -std=gnu11 -g3 -DDEBUG -DUSE_HAL_DRIVER -DSTM32F429xx -c -I../Core/Inc -I../Drivers/STM32F4xx_HAL_Driver/Inc -I../Drivers/STM32F4xx_HAL_Driver/Inc/Legacy -I../Drivers/CMSIS/Device/ST/STM32F4xx/Include -I../Drivers/CMSIS/Include -I../Middlewares/Third_Party/FreeRTOS/Source/include -I../Middlewares/Third_Party/FreeRTOS/Source/portable/GCC/ARM_CM4F -I../Middlewares/Third_Party/FreeRTOS/Source/CMSIS_RTOS_V2 -I"C:/Users/Ziad/Desktop/NTI/GP/ADAS_with_OTA_Updates/RTOS_APP/IR_Sensor/inc" -I"C:/Users/Ziad/Desktop/NTI/GP/ADAS_with_OTA_Updates/RTOS_APP/Motor_T/inc" -I"C:/Users/Ziad/Desktop/NTI/GP/ADAS_with_OTA_Updates/RTOS_APP/utils" -I"C:/Users/Ziad/Desktop/NTI/GP/ADAS_with_OTA_Updates/RTOS_APP/HCSR04" -O0 -ffunction-sections -fdata-sections -Wall -fstack-usage -MMD -MP -MF"Core/Src/main.d" -MT"Core/Src/main.o" --specs=nano.specs -mfpu=fpv4-sp-d16 -mfloat-abi=hard -mthumb -o "Core/Src/main.o"
../Core/Src/main.c: In function 'main':
../Core/Src/main.c:123:2: warning: implicit declaration of function 'DWT_Delay_Init' [-Wimplicit-function-declaration]
  123 |  DWT_Delay_Init();
      |  ^~~~~~~~~~~~~~
../Core/Src/main.c: In function 'AutoPark':
../Core/Src/main.c:722:5: warning: "/*" within comment [-Wcomment]
  722 |     /*Do Nothing*/
      |      
../Core/Src/main.c:701:11: warning: unused variable 'Distances' [-Wunused-variable]
  701 |  uint16_t Distances[4] = { 0 }; // Array to store distances from the ultrasonic sensors.
      |           ^~~~~~~~~
arm-none-eabi-gcc -o "RTOS_APP.elf" @"objects.list"   -mcpu=cortex-m4 -T"C:\Users\Ziad\Desktop\NTI\GP\ADAS_with_OTA_Updates\RTOS_APP\STM32F429ZITX_FLASH.ld" --specs=nosys.specs -Wl,-Map="RTOS_APP.map" -Wl,--gc-sections -static --specs=nano.specs -mfpu=fpv4-sp-d16 -mfloat-abi=hard -mthumb -Wl,--start-group -lc -lm -Wl,--end-group
Finished building target: RTOS_APP.elf
 
arm-none-eabi-size   RTOS_APP.elf 
arm-none-eabi-objdump -h -S  RTOS_APP.elf  > "RTOS_APP.list"
arm-none-eabi-objcopy  -O ihex  RTOS_APP.elf  "RTOS_APP.hex"
   text	   data	    bss	    dec	    hex	filename
  37732	     40	  20832	  58604	   e4ec	RTOS_APP.elf
arm-none-eabi-objcopy  -O binary  RTOS_APP.elf  "RTOS_APP.bin"
Finished building: default.size.stdout
 
Finished building: RTOS_APP.hex
Finished building: RTOS_APP.bin
 
 
Finished building: RTOS_APP.list
 
13:36:48 **** Incremental Build of configuration Debug for project RTOS_APP ****
make -j4 all 
arm-none-eabi-gcc "../Core/Src/main.c" -mcpu=cortex-m4 -std=gnu11 -g3 -DDEBUG -DUSE_HAL_DRIVER -DSTM32F429xx -c -I../Core/Inc -I../Drivers/STM32F4xx_HAL_Driver/Inc -I../Drivers/STM32F4xx_HAL_Driver/Inc/Legacy -I../Drivers/CMSIS/Device/ST/STM32F4xx/Include -I../Drivers/CMSIS/Include -I../Middlewares/Third_Party/FreeRTOS/Source/include -I../Middlewares/Third_Party/FreeRTOS/Source/portable/GCC/ARM_CM4F -I../Middlewares/Third_Party/FreeRTOS/Source/CMSIS_RTOS_V2 -I"C:/Users/Ziad/Desktop/NTI/GP/ADAS_with_OTA_Updates/RTOS_APP/IR_Sensor/inc" -I"C:/Users/Ziad/Desktop/NTI/GP/ADAS_with_OTA_Updates/RTOS_APP/Motor_T/inc" -I"C:/Users/Ziad/Desktop/NTI/GP/ADAS_with_OTA_Updates/RTOS_APP/utils" -I"C:/Users/Ziad/Desktop/NTI/GP/ADAS_with_OTA_Updates/RTOS_APP/HCSR04" -O0 -ffunction-sections -fdata-sections -Wall -fstack-usage -MMD -MP -MF"Core/Src/main.d" -MT"Core/Src/main.o" --specs=nano.specs -mfpu=fpv4-sp-d16 -mfloat-abi=hard -mthumb -o "Core/Src/main.o"
../Core/Src/main.c: In function 'main':
../Core/Src/main.c:123:2: warning: implicit declaration of function 'DWT_Delay_Init' [-Wimplicit-function-declaration]
  123 |  DWT_Delay_Init();
      |  ^~~~~~~~~~~~~~
../Core/Src/main.c: In function 'AutoPark':
../Core/Src/main.c:722:5: warning: "/*" within comment [-Wcomment]
  722 |     /*Do Nothing*/
      |      
../Core/Src/main.c:701:11: warning: unused variable 'Distances' [-Wunused-variable]
  701 |  uint16_t Distances[4] = { 0 }; // Array to store distances from the ultrasonic sensors.
      |           ^~~~~~~~~
arm-none-eabi-gcc -o "RTOS_APP.elf" @"objects.list"   -mcpu=cortex-m4 -T"C:\Users\Ziad\Desktop\NTI\GP\ADAS_with_OTA_Updates\RTOS_APP\STM32F429ZITX_FLASH.ld" --specs=nosys.specs -Wl,-Map="RTOS_APP.map" -Wl,--gc-sections -static --specs=nano.specs -mfpu=fpv4-sp-d16 -mfloat-abi=hard -mthumb -Wl,--start-group -lc -lm -Wl,--end-group
Finished building target: RTOS_APP.elf
 
arm-none-eabi-size   RTOS_APP.elf 
arm-none-eabi-objdump -h -S  RTOS_APP.elf  > "RTOS_APP.list"
arm-none-eabi-objcopy  -O ihex  RTOS_APP.elf  "RTOS_APP.hex"
   text	   data	    bss	    dec	    hex	filename
  37732	     40	  20832	  58604	   e4ec	RTOS_APP.elf
arm-none-eabi-objcopy  -O binary  RTOS_APP.elf  "RTOS_APP.bin"
Finished building: default.size.stdout
 
Finished building: RTOS_APP.bin
Finished building: RTOS_APP.hex
 
 
Finished building: RTOS_APP.list
 
13:39:03 **** Incremental Build of configuration Debug for project RTOS_APP ****
make -j4 all 
arm-none-eabi-gcc "../Core/Src/main.c" -mcpu=cortex-m4 -std=gnu11 -g3 -DDEBUG -DUSE_HAL_DRIVER -DSTM32F429xx -c -I../Core/Inc -I../Drivers/STM32F4xx_HAL_Driver/Inc -I../Drivers/STM32F4xx_HAL_Driver/Inc/Legacy -I../Drivers/CMSIS/Device/ST/STM32F4xx/Include -I../Drivers/CMSIS/Include -I../Middlewares/Third_Party/FreeRTOS/Source/include -I../Middlewares/Third_Party/FreeRTOS/Source/portable/GCC/ARM_CM4F -I../Middlewares/Third_Party/FreeRTOS/Source/CMSIS_RTOS_V2 -I"C:/Users/Ziad/Desktop/NTI/GP/ADAS_with_OTA_Updates/RTOS_APP/IR_Sensor/inc" -I"C:/Users/Ziad/Desktop/NTI/GP/ADAS_with_OTA_Updates/RTOS_APP/Motor_T/inc" -I"C:/Users/Ziad/Desktop/NTI/GP/ADAS_with_OTA_Updates/RTOS_APP/utils" -I"C:/Users/Ziad/Desktop/NTI/GP/ADAS_with_OTA_Updates/RTOS_APP/HCSR04" -O0 -ffunction-sections -fdata-sections -Wall -fstack-usage -MMD -MP -MF"Core/Src/main.d" -MT"Core/Src/main.o" --specs=nano.specs -mfpu=fpv4-sp-d16 -mfloat-abi=hard -mthumb -o "Core/Src/main.o"
../Core/Src/main.c: In function 'main':
../Core/Src/main.c:123:2: warning: implicit declaration of function 'DWT_Delay_Init' [-Wimplicit-function-declaration]
  123 |  DWT_Delay_Init();
      |  ^~~~~~~~~~~~~~
../Core/Src/main.c: In function 'AutoPark':
../Core/Src/main.c:722:5: warning: "/*" within comment [-Wcomment]
  722 |     /*Do Nothing*/
      |      
../Core/Src/main.c:701:11: warning: unused variable 'Distances' [-Wunused-variable]
  701 |  uint16_t Distances[4] = { 0 }; // Array to store distances from the ultrasonic sensors.
      |           ^~~~~~~~~
arm-none-eabi-gcc -o "RTOS_APP.elf" @"objects.list"   -mcpu=cortex-m4 -T"C:\Users\Ziad\Desktop\NTI\GP\ADAS_with_OTA_Updates\RTOS_APP\STM32F429ZITX_FLASH.ld" --specs=nosys.specs -Wl,-Map="RTOS_APP.map" -Wl,--gc-sections -static --specs=nano.specs -mfpu=fpv4-sp-d16 -mfloat-abi=hard -mthumb -Wl,--start-group -lc -lm -Wl,--end-group
Finished building target: RTOS_APP.elf
 
arm-none-eabi-size   RTOS_APP.elf 
arm-none-eabi-objdump -h -S  RTOS_APP.elf  > "RTOS_APP.list"
arm-none-eabi-objcopy  -O ihex  RTOS_APP.elf  "RTOS_APP.hex"
   text	   data	    bss	    dec	    hex	filename
  37732	     40	  20832	  58604	   e4ec	RTOS_APP.elf
arm-none-eabi-objcopy  -O binary  RTOS_APP.elf  "RTOS_APP.bin"
Finished building: default.size.stdout
 
Finished building: RTOS_APP.hex
Finished building: RTOS_APP.bin
 
 
Finished building: RTOS_APP.list
 
13:40:13 **** Incremental Build of configuration Debug for project RTOS_APP ****
make -j4 all 
arm-none-eabi-gcc "../Core/Src/main.c" -mcpu=cortex-m4 -std=gnu11 -g3 -DDEBUG -DUSE_HAL_DRIVER -DSTM32F429xx -c -I../Core/Inc -I../Drivers/STM32F4xx_HAL_Driver/Inc -I../Drivers/STM32F4xx_HAL_Driver/Inc/Legacy -I../Drivers/CMSIS/Device/ST/STM32F4xx/Include -I../Drivers/CMSIS/Include -I../Middlewares/Third_Party/FreeRTOS/Source/include -I../Middlewares/Third_Party/FreeRTOS/Source/portable/GCC/ARM_CM4F -I../Middlewares/Third_Party/FreeRTOS/Source/CMSIS_RTOS_V2 -I"C:/Users/Ziad/Desktop/NTI/GP/ADAS_with_OTA_Updates/RTOS_APP/IR_Sensor/inc" -I"C:/Users/Ziad/Desktop/NTI/GP/ADAS_with_OTA_Updates/RTOS_APP/Motor_T/inc" -I"C:/Users/Ziad/Desktop/NTI/GP/ADAS_with_OTA_Updates/RTOS_APP/utils" -I"C:/Users/Ziad/Desktop/NTI/GP/ADAS_with_OTA_Updates/RTOS_APP/HCSR04" -O0 -ffunction-sections -fdata-sections -Wall -fstack-usage -MMD -MP -MF"Core/Src/main.d" -MT"Core/Src/main.o" --specs=nano.specs -mfpu=fpv4-sp-d16 -mfloat-abi=hard -mthumb -o "Core/Src/main.o"
../Core/Src/main.c: In function 'main':
../Core/Src/main.c:123:2: warning: implicit declaration of function 'DWT_Delay_Init' [-Wimplicit-function-declaration]
  123 |  DWT_Delay_Init();
      |  ^~~~~~~~~~~~~~
../Core/Src/main.c: In function 'AutoPark':
../Core/Src/main.c:722:5: warning: "/*" within comment [-Wcomment]
  722 |     /*Do Nothing*/
      |      
../Core/Src/main.c:701:11: warning: unused variable 'Distances' [-Wunused-variable]
  701 |  uint16_t Distances[4] = { 0 }; // Array to store distances from the ultrasonic sensors.
      |           ^~~~~~~~~
arm-none-eabi-gcc -o "RTOS_APP.elf" @"objects.list"   -mcpu=cortex-m4 -T"C:\Users\Ziad\Desktop\NTI\GP\ADAS_with_OTA_Updates\RTOS_APP\STM32F429ZITX_FLASH.ld" --specs=nosys.specs -Wl,-Map="RTOS_APP.map" -Wl,--gc-sections -static --specs=nano.specs -mfpu=fpv4-sp-d16 -mfloat-abi=hard -mthumb -Wl,--start-group -lc -lm -Wl,--end-group
Finished building target: RTOS_APP.elf
 
arm-none-eabi-size   RTOS_APP.elf 
arm-none-eabi-objdump -h -S  RTOS_APP.elf  > "RTOS_APP.list"
arm-none-eabi-objcopy  -O ihex  RTOS_APP.elf  "RTOS_APP.hex"
   text	   data	    bss	    dec	    hex	filename
  37748	     40	  20832	  58620	   e4fc	RTOS_APP.elf
arm-none-eabi-objcopy  -O binary  RTOS_APP.elf  "RTOS_APP.bin"
Finished building: default.size.stdout
 
Finished building: RTOS_APP.hex
 
Finished building: RTOS_APP.bin
 
Finished building: RTOS_APP.list
 
13:42:03 **** Incremental Build of configuration Debug for project RTOS_APP ****
make -j4 all 
arm-none-eabi-gcc "../Core/Src/main.c" -mcpu=cortex-m4 -std=gnu11 -g3 -DDEBUG -DUSE_HAL_DRIVER -DSTM32F429xx -c -I../Core/Inc -I../Drivers/STM32F4xx_HAL_Driver/Inc -I../Drivers/STM32F4xx_HAL_Driver/Inc/Legacy -I../Drivers/CMSIS/Device/ST/STM32F4xx/Include -I../Drivers/CMSIS/Include -I../Middlewares/Third_Party/FreeRTOS/Source/include -I../Middlewares/Third_Party/FreeRTOS/Source/portable/GCC/ARM_CM4F -I../Middlewares/Third_Party/FreeRTOS/Source/CMSIS_RTOS_V2 -I"C:/Users/Ziad/Desktop/NTI/GP/ADAS_with_OTA_Updates/RTOS_APP/IR_Sensor/inc" -I"C:/Users/Ziad/Desktop/NTI/GP/ADAS_with_OTA_Updates/RTOS_APP/Motor_T/inc" -I"C:/Users/Ziad/Desktop/NTI/GP/ADAS_with_OTA_Updates/RTOS_APP/utils" -I"C:/Users/Ziad/Desktop/NTI/GP/ADAS_with_OTA_Updates/RTOS_APP/HCSR04" -O0 -ffunction-sections -fdata-sections -Wall -fstack-usage -MMD -MP -MF"Core/Src/main.d" -MT"Core/Src/main.o" --specs=nano.specs -mfpu=fpv4-sp-d16 -mfloat-abi=hard -mthumb -o "Core/Src/main.o"
../Core/Src/main.c: In function 'main':
../Core/Src/main.c:123:2: warning: implicit declaration of function 'DWT_Delay_Init' [-Wimplicit-function-declaration]
  123 |  DWT_Delay_Init();
      |  ^~~~~~~~~~~~~~
../Core/Src/main.c: In function 'AutoPark':
../Core/Src/main.c:722:5: warning: "/*" within comment [-Wcomment]
  722 |     /*Do Nothing*/
      |      
arm-none-eabi-gcc -o "RTOS_APP.elf" @"objects.list"   -mcpu=cortex-m4 -T"C:\Users\Ziad\Desktop\NTI\GP\ADAS_with_OTA_Updates\RTOS_APP\STM32F429ZITX_FLASH.ld" --specs=nosys.specs -Wl,-Map="RTOS_APP.map" -Wl,--gc-sections -static --specs=nano.specs -mfpu=fpv4-sp-d16 -mfloat-abi=hard -mthumb -Wl,--start-group -lc -lm -Wl,--end-group
Finished building target: RTOS_APP.elf
 
arm-none-eabi-size   RTOS_APP.elf 
arm-none-eabi-objdump -h -S  RTOS_APP.elf  > "RTOS_APP.list"
arm-none-eabi-objcopy  -O ihex  RTOS_APP.elf  "RTOS_APP.hex"
   text	   data	    bss	    dec	    hex	filename
  37860	     40	  20832	  58732	   e56c	RTOS_APP.elf
arm-none-eabi-objcopy  -O binary  RTOS_APP.elf  "RTOS_APP.bin"
Finished building: default.size.stdout
 
Finished building: RTOS_APP.hex
Finished building: RTOS_APP.bin
 
 
Finished building: RTOS_APP.list
 
13:44:01 **** Incremental Build of configuration Debug for project RTOS_APP ****
make -j4 all 
arm-none-eabi-size   RTOS_APP.elf 
   text	   data	    bss	    dec	    hex	filename
  37860	     40	  20832	  58732	   e56c	RTOS_APP.elf
Finished building: default.size.stdout
 
13:46:00 **** Incremental Build of configuration Debug for project RTOS_APP ****
make -j4 all 
arm-none-eabi-gcc "../Core/Src/main.c" -mcpu=cortex-m4 -std=gnu11 -g3 -DDEBUG -DUSE_HAL_DRIVER -DSTM32F429xx -c -I../Core/Inc -I../Drivers/STM32F4xx_HAL_Driver/Inc -I../Drivers/STM32F4xx_HAL_Driver/Inc/Legacy -I../Drivers/CMSIS/Device/ST/STM32F4xx/Include -I../Drivers/CMSIS/Include -I../Middlewares/Third_Party/FreeRTOS/Source/include -I../Middlewares/Third_Party/FreeRTOS/Source/portable/GCC/ARM_CM4F -I../Middlewares/Third_Party/FreeRTOS/Source/CMSIS_RTOS_V2 -I"C:/Users/Ziad/Desktop/NTI/GP/ADAS_with_OTA_Updates/RTOS_APP/IR_Sensor/inc" -I"C:/Users/Ziad/Desktop/NTI/GP/ADAS_with_OTA_Updates/RTOS_APP/Motor_T/inc" -I"C:/Users/Ziad/Desktop/NTI/GP/ADAS_with_OTA_Updates/RTOS_APP/utils" -I"C:/Users/Ziad/Desktop/NTI/GP/ADAS_with_OTA_Updates/RTOS_APP/HCSR04" -O0 -ffunction-sections -fdata-sections -Wall -fstack-usage -MMD -MP -MF"Core/Src/main.d" -MT"Core/Src/main.o" --specs=nano.specs -mfpu=fpv4-sp-d16 -mfloat-abi=hard -mthumb -o "Core/Src/main.o"
../Core/Src/main.c: In function 'main':
../Core/Src/main.c:123:2: warning: implicit declaration of function 'DWT_Delay_Init' [-Wimplicit-function-declaration]
  123 |  DWT_Delay_Init();
      |  ^~~~~~~~~~~~~~
../Core/Src/main.c: In function 'AutoPark':
../Core/Src/main.c:722:5: warning: "/*" within comment [-Wcomment]
  722 |     /*Do Nothing*/
      |      
arm-none-eabi-gcc -o "RTOS_APP.elf" @"objects.list"   -mcpu=cortex-m4 -T"C:\Users\Ziad\Desktop\NTI\GP\ADAS_with_OTA_Updates\RTOS_APP\STM32F429ZITX_FLASH.ld" --specs=nosys.specs -Wl,-Map="RTOS_APP.map" -Wl,--gc-sections -static --specs=nano.specs -mfpu=fpv4-sp-d16 -mfloat-abi=hard -mthumb -Wl,--start-group -lc -lm -Wl,--end-group
Finished building target: RTOS_APP.elf
 
arm-none-eabi-size   RTOS_APP.elf 
arm-none-eabi-objdump -h -S  RTOS_APP.elf  > "RTOS_APP.list"
arm-none-eabi-objcopy  -O ihex  RTOS_APP.elf  "RTOS_APP.hex"
   text	   data	    bss	    dec	    hex	filename
  37892	     40	  20832	  58764	   e58c	RTOS_APP.elf
arm-none-eabi-objcopy  -O binary  RTOS_APP.elf  "RTOS_APP.bin"
Finished building: default.size.stdout
 
Finished building: RTOS_APP.hex
Finished building: RTOS_APP.bin
 
 
Finished building: RTOS_APP.list
 
13:47:44 **** Incremental Build of configuration Debug for project RTOS_APP ****
make -j4 all 
arm-none-eabi-gcc "../Core/Src/UltraSonic.c" -mcpu=cortex-m4 -std=gnu11 -g3 -DDEBUG -DUSE_HAL_DRIVER -DSTM32F429xx -c -I../Core/Inc -I../Drivers/STM32F4xx_HAL_Driver/Inc -I../Drivers/STM32F4xx_HAL_Driver/Inc/Legacy -I../Drivers/CMSIS/Device/ST/STM32F4xx/Include -I../Drivers/CMSIS/Include -I../Middlewares/Third_Party/FreeRTOS/Source/include -I../Middlewares/Third_Party/FreeRTOS/Source/portable/GCC/ARM_CM4F -I../Middlewares/Third_Party/FreeRTOS/Source/CMSIS_RTOS_V2 -I"C:/Users/Ziad/Desktop/NTI/GP/ADAS_with_OTA_Updates/RTOS_APP/IR_Sensor/inc" -I"C:/Users/Ziad/Desktop/NTI/GP/ADAS_with_OTA_Updates/RTOS_APP/Motor_T/inc" -I"C:/Users/Ziad/Desktop/NTI/GP/ADAS_with_OTA_Updates/RTOS_APP/utils" -I"C:/Users/Ziad/Desktop/NTI/GP/ADAS_with_OTA_Updates/RTOS_APP/HCSR04" -O0 -ffunction-sections -fdata-sections -Wall -fstack-usage -MMD -MP -MF"Core/Src/UltraSonic.d" -MT"Core/Src/UltraSonic.o" --specs=nano.specs -mfpu=fpv4-sp-d16 -mfloat-abi=hard -mthumb -o "Core/Src/UltraSonic.o"
arm-none-eabi-gcc -o "RTOS_APP.elf" @"objects.list"   -mcpu=cortex-m4 -T"C:\Users\Ziad\Desktop\NTI\GP\ADAS_with_OTA_Updates\RTOS_APP\STM32F429ZITX_FLASH.ld" --specs=nosys.specs -Wl,-Map="RTOS_APP.map" -Wl,--gc-sections -static --specs=nano.specs -mfpu=fpv4-sp-d16 -mfloat-abi=hard -mthumb -Wl,--start-group -lc -lm -Wl,--end-group
Finished building target: RTOS_APP.elf
 
arm-none-eabi-size   RTOS_APP.elf 
arm-none-eabi-objdump -h -S  RTOS_APP.elf  > "RTOS_APP.list"
   text	   data	    bss	    dec	    hex	filename
  37892	     40	  20832	  58764	   e58c	RTOS_APP.elf
arm-none-eabi-objcopy  -O ihex  RTOS_APP.elf  "RTOS_APP.hex"
arm-none-eabi-objcopy  -O binary  RTOS_APP.elf  "RTOS_APP.bin"
Finished building: default.size.stdout
 
Finished building: RTOS_APP.bin
Finished building: RTOS_APP.hex
 
 
Finished building: RTOS_APP.list
 
13:48:07 **** Incremental Build of configuration Debug for project RTOS_APP ****
make -j4 all 
arm-none-eabi-gcc "../Core/Src/UltraSonic.c" -mcpu=cortex-m4 -std=gnu11 -g3 -DDEBUG -DUSE_HAL_DRIVER -DSTM32F429xx -c -I../Core/Inc -I../Drivers/STM32F4xx_HAL_Driver/Inc -I../Drivers/STM32F4xx_HAL_Driver/Inc/Legacy -I../Drivers/CMSIS/Device/ST/STM32F4xx/Include -I../Drivers/CMSIS/Include -I../Middlewares/Third_Party/FreeRTOS/Source/include -I../Middlewares/Third_Party/FreeRTOS/Source/portable/GCC/ARM_CM4F -I../Middlewares/Third_Party/FreeRTOS/Source/CMSIS_RTOS_V2 -I"C:/Users/Ziad/Desktop/NTI/GP/ADAS_with_OTA_Updates/RTOS_APP/IR_Sensor/inc" -I"C:/Users/Ziad/Desktop/NTI/GP/ADAS_with_OTA_Updates/RTOS_APP/Motor_T/inc" -I"C:/Users/Ziad/Desktop/NTI/GP/ADAS_with_OTA_Updates/RTOS_APP/utils" -I"C:/Users/Ziad/Desktop/NTI/GP/ADAS_with_OTA_Updates/RTOS_APP/HCSR04" -O0 -ffunction-sections -fdata-sections -Wall -fstack-usage -MMD -MP -MF"Core/Src/UltraSonic.d" -MT"Core/Src/UltraSonic.o" --specs=nano.specs -mfpu=fpv4-sp-d16 -mfloat-abi=hard -mthumb -o "Core/Src/UltraSonic.o"
arm-none-eabi-gcc -o "RTOS_APP.elf" @"objects.list"   -mcpu=cortex-m4 -T"C:\Users\Ziad\Desktop\NTI\GP\ADAS_with_OTA_Updates\RTOS_APP\STM32F429ZITX_FLASH.ld" --specs=nosys.specs -Wl,-Map="RTOS_APP.map" -Wl,--gc-sections -static --specs=nano.specs -mfpu=fpv4-sp-d16 -mfloat-abi=hard -mthumb -Wl,--start-group -lc -lm -Wl,--end-group
Finished building target: RTOS_APP.elf
 
arm-none-eabi-size   RTOS_APP.elf 
arm-none-eabi-objdump -h -S  RTOS_APP.elf  > "RTOS_APP.list"
arm-none-eabi-objcopy  -O ihex  RTOS_APP.elf  "RTOS_APP.hex"
   text	   data	    bss	    dec	    hex	filename
  37892	     40	  20832	  58764	   e58c	RTOS_APP.elf
arm-none-eabi-objcopy  -O binary  RTOS_APP.elf  "RTOS_APP.bin"
Finished building: default.size.stdout
 
Finished building: RTOS_APP.bin
Finished building: RTOS_APP.hex
 
 
Finished building: RTOS_APP.list
 
13:49:36 **** Incremental Build of configuration Debug for project RTOS_APP ****
make -j4 all 
arm-none-eabi-size   RTOS_APP.elf 
   text	   data	    bss	    dec	    hex	filename
[...]
Finished building target: RTOS_APP.elf
 
arm-none-eabi-size   RTOS_APP.elf 
arm-none-eabi-objdump -h -S  RTOS_APP.elf  > "RTOS_APP.list"
arm-none-eabi-objcopy  -O ihex  RTOS_APP.elf  "RTOS_APP.hex"
   text	   data	    bss	    dec	    hex	filename
  37908	     40	  20832	  58780	   e59c	RTOS_APP.elf
arm-none-eabi-objcopy  -O binary  RTOS_APP.elf  "RTOS_APP.bin"
Finished building: default.size.stdout
 
Finished building: RTOS_APP.hex
Finished building: RTOS_APP.bin
 
 
Finished building: RTOS_APP.list
 
15:06:57 **** Incremental Build of configuration Debug for project RTOS_APP ****
make -j4 all 
arm-none-eabi-size   RTOS_APP.elf 
   text	   data	    bss	    dec	    hex	filename
  37908	     40	  20832	  58780	   e59c	RTOS_APP.elf
Finished building: default.size.stdout
 
15:07:26 **** Incremental Build of configuration Debug for project RTOS_APP ****
make -j4 all 
arm-none-eabi-gcc "../Core/Src/main.c" -mcpu=cortex-m4 -std=gnu11 -g3 -DDEBUG -DUSE_HAL_DRIVER -DSTM32F429xx -c -I../Core/Inc -I../Drivers/STM32F4xx_HAL_Driver/Inc -I../Drivers/STM32F4xx_HAL_Driver/Inc/Legacy -I../Drivers/CMSIS/Device/ST/STM32F4xx/Include -I../Drivers/CMSIS/Include -I../Middlewares/Third_Party/FreeRTOS/Source/include -I../Middlewares/Third_Party/FreeRTOS/Source/portable/GCC/ARM_CM4F -I../Middlewares/Third_Party/FreeRTOS/Source/CMSIS_RTOS_V2 -I"C:/Users/Ziad/Desktop/NTI/GP/ADAS_with_OTA_Updates/RTOS_APP/IR_Sensor/inc" -I"C:/Users/Ziad/Desktop/NTI/GP/ADAS_with_OTA_Updates/RTOS_APP/Motor_T/inc" -I"C:/Users/Ziad/Desktop/NTI/GP/ADAS_with_OTA_Updates/RTOS_APP/utils" -I"C:/Users/Ziad/Desktop/NTI/GP/ADAS_with_OTA_Updates/RTOS_APP/HCSR04" -O0 -ffunction-sections -fdata-sections -Wall -fstack-usage -MMD -MP -MF"Core/Src/main.d" -MT"Core/Src/main.o" --specs=nano.specs -mfpu=fpv4-sp-d16 -mfloat-abi=hard -mthumb -o "Core/Src/main.o"
../Core/Src/main.c: In function 'main':
../Core/Src/main.c:123:2: warning: implicit declaration of function 'DWT_Delay_Init' [-Wimplicit-function-declaration]
  123 |  DWT_Delay_Init();
      |  ^~~~~~~~~~~~~~
../Core/Src/main.c: In function 'AutoPark':
../Core/Src/main.c:722:5: warning: "/*" within comment [-Wcomment]
  722 |     /*Do Nothing*/
      |      
arm-none-eabi-gcc -o "RTOS_APP.elf" @"objects.list"   -mcpu=cortex-m4 -T"C:\Users\Ziad\Desktop\NTI\GP\ADAS_with_OTA_Updates\RTOS_APP\STM32F429ZITX_FLASH.ld" --specs=nosys.specs -Wl,-Map="RTOS_APP.map" -Wl,--gc-sections -static --specs=nano.specs -mfpu=fpv4-sp-d16 -mfloat-abi=hard -mthumb -Wl,--start-group -lc -lm -Wl,--end-group
Finished building target: RTOS_APP.elf
 
arm-none-eabi-size   RTOS_APP.elf 
arm-none-eabi-objdump -h -S  RTOS_APP.elf  > "RTOS_APP.list"
arm-none-eabi-objcopy  -O ihex  RTOS_APP.elf  "RTOS_APP.hex"
   text	   data	    bss	    dec	    hex	filename
  37908	     40	  20832	  58780	   e59c	RTOS_APP.elf
arm-none-eabi-objcopy  -O binary  RTOS_APP.elf  "RTOS_APP.bin"
Finished building: default.size.stdout
 
Finished building: RTOS_APP.hex
Finished building: RTOS_APP.bin
 
 
Finished building: RTOS_APP.list
 
15:08:17 **** Incremental Build of configuration Debug for project RTOS_APP ****
make -j4 all 
arm-none-eabi-size   RTOS_APP.elf 
   text	   data	    bss	    dec	    hex	filename
  37908	     40	  20832	  58780	   e59c	RTOS_APP.elf
Finished building: default.size.stdout
 
15:08:54 **** Incremental Build of configuration Debug for project RTOS_APP ****
make -j4 all 
arm-none-eabi-gcc "../Core/Src/main.c" -mcpu=cortex-m4 -std=gnu11 -g3 -DDEBUG -DUSE_HAL_DRIVER -DSTM32F429xx -c -I../Core/Inc -I../Drivers/STM32F4xx_HAL_Driver/Inc -I../Drivers/STM32F4xx_HAL_Driver/Inc/Legacy -I../Drivers/CMSIS/Device/ST/STM32F4xx/Include -I../Drivers/CMSIS/Include -I../Middlewares/Third_Party/FreeRTOS/Source/include -I../Middlewares/Third_Party/FreeRTOS/Source/portable/GCC/ARM_CM4F -I../Middlewares/Third_Party/FreeRTOS/Source/CMSIS_RTOS_V2 -I"C:/Users/Ziad/Desktop/NTI/GP/ADAS_with_OTA_Updates/RTOS_APP/IR_Sensor/inc" -I"C:/Users/Ziad/Desktop/NTI/GP/ADAS_with_OTA_Updates/RTOS_APP/Motor_T/inc" -I"C:/Users/Ziad/Desktop/NTI/GP/ADAS_with_OTA_Updates/RTOS_APP/utils" -I"C:/Users/Ziad/Desktop/NTI/GP/ADAS_with_OTA_Updates/RTOS_APP/HCSR04" -O0 -ffunction-sections -fdata-sections -Wall -fstack-usage -MMD -MP -MF"Core/Src/main.d" -MT"Core/Src/main.o" --specs=nano.specs -mfpu=fpv4-sp-d16 -mfloat-abi=hard -mthumb -o "Core/Src/main.o"
../Core/Src/main.c: In function 'main':
../Core/Src/main.c:123:2: warning: implicit declaration of function 'DWT_Delay_Init' [-Wimplicit-function-declaration]
  123 |  DWT_Delay_Init();
      |  ^~~~~~~~~~~~~~
../Core/Src/main.c: In function 'AutoPark':
../Core/Src/main.c:722:5: warning: "/*" within comment [-Wcomment]
  722 |     /*Do Nothing*/
      |      
arm-none-eabi-gcc -o "RTOS_APP.elf" @"objects.list"   -mcpu=cortex-m4 -T"C:\Users\Ziad\Desktop\NTI\GP\ADAS_with_OTA_Updates\RTOS_APP\STM32F429ZITX_FLASH.ld" --specs=nosys.specs -Wl,-Map="RTOS_APP.map" -Wl,--gc-sections -static --specs=nano.specs -mfpu=fpv4-sp-d16 -mfloat-abi=hard -mthumb -Wl,--start-group -lc -lm -Wl,--end-group
Finished building target: RTOS_APP.elf
 
arm-none-eabi-size   RTOS_APP.elf 
arm-none-eabi-objdump -h -S  RTOS_APP.elf  > "RTOS_APP.list"
arm-none-eabi-objcopy  -O ihex  RTOS_APP.elf  "RTOS_APP.hex"
   text	   data	    bss	    dec	    hex	filename
  37908	     40	  20832	  58780	   e59c	RTOS_APP.elf
arm-none-eabi-objcopy  -O binary  RTOS_APP.elf  "RTOS_APP.bin"
Finished building: default.size.stdout
 
Finished building: RTOS_APP.hex
Finished building: RTOS_APP.bin
 
 
Finished building: RTOS_APP.list
 
15:09:32 **** Incremental Build of configuration Debug for project RTOS_APP ****
make -j4 all 
arm-none-eabi-size   RTOS_APP.elf 
   text	   data	    bss	    dec	    hex	filename
  37908	     40	  20832	  58780	   e59c	RTOS_APP.elf
Finished building: default.size.stdout
 
15:13:03 **** Incremental Build of configuration Debug for project RTOS_APP ****
make -j4 all 
arm-none-eabi-size   RTOS_APP.elf 
   text	   data	    bss	    dec	    hex	filename
  37908	     40	  20832	  58780	   e59c	RTOS_APP.elf
Finished building: default.size.stdout
 
15:15:21 **** Incremental Build of configuration Debug for project RTOS_APP ****
make -j4 all 
arm-none-eabi-size   RTOS_APP.elf 
   text	   data	    bss	    dec	    hex	filename
  37908	     40	  20832	  58780	   e59c	RTOS_APP.elf
Finished building: default.size.stdout
 
15:18:04 **** Incremental Build of configuration Debug for project RTOS_APP ****
make -j4 all 
arm-none-eabi-size   RTOS_APP.elf 
   text	   data	    bss	    dec	    hex	filename
  37908	     40	  20832	  58780	   e59c	RTOS_APP.elf
Finished building: default.size.stdout
 
15:22:36 **** Incremental Build of configuration Debug for project RTOS_APP ****
make -j4 all 
arm-none-eabi-size   RTOS_APP.elf 
   text	   data	    bss	    dec	    hex	filename
  37908	     40	  20832	  58780	   e59c	RTOS_APP.elf
Finished building: default.size.stdout
 
15:25:09 **** Incremental Build of configuration Debug for project RTOS_APP ****
make -j4 all 
arm-none-eabi-gcc "../Core/Src/UltraSonic.c" -mcpu=cortex-m4 -std=gnu11 -g3 -DDEBUG -DUSE_HAL_DRIVER -DSTM32F429xx -c -I../Core/Inc -I../Drivers/STM32F4xx_HAL_Driver/Inc -I../Drivers/STM32F4xx_HAL_Driver/Inc/Legacy -I../Drivers/CMSIS/Device/ST/STM32F4xx/Include -I../Drivers/CMSIS/Include -I../Middlewares/Third_Party/FreeRTOS/Source/include -I../Middlewares/Third_Party/FreeRTOS/Source/portable/GCC/ARM_CM4F -I../Middlewares/Third_Party/FreeRTOS/Source/CMSIS_RTOS_V2 -I"C:/Users/Ziad/Desktop/NTI/GP/ADAS_with_OTA_Updates/RTOS_APP/IR_Sensor/inc" -I"C:/Users/Ziad/Desktop/NTI/GP/ADAS_with_OTA_Updates/RTOS_APP/Motor_T/inc" -I"C:/Users/Ziad/Desktop/NTI/GP/ADAS_with_OTA_Updates/RTOS_APP/utils" -I"C:/Users/Ziad/Desktop/NTI/GP/ADAS_with_OTA_Updates/RTOS_APP/HCSR04" -O0 -ffunction-sections -fdata-sections -Wall -fstack-usage -MMD -MP -MF"Core/Src/UltraSonic.d" -MT"Core/Src/UltraSonic.o" --specs=nano.specs -mfpu=fpv4-sp-d16 -mfloat-abi=hard -mthumb -o "Core/Src/UltraSonic.o"
arm-none-eabi-gcc -o "RTOS_APP.elf" @"objects.list"   -mcpu=cortex-m4 -T"C:\Users\Ziad\Desktop\NTI\GP\ADAS_with_OTA_Updates\RTOS_APP\STM32F429ZITX_FLASH.ld" --specs=nosys.specs -Wl,-Map="RTOS_APP.map" -Wl,--gc-sections -static --specs=nano.specs -mfpu=fpv4-sp-d16 -mfloat-abi=hard -mthumb -Wl,--start-group -lc -lm -Wl,--end-group
Finished building target: RTOS_APP.elf
 
arm-none-eabi-size   RTOS_APP.elf 
arm-none-eabi-objdump -h -S  RTOS_APP.elf  > "RTOS_APP.list"
arm-none-eabi-objcopy  -O ihex  RTOS_APP.elf  "RTOS_APP.hex"
   text	   data	    bss	    dec	    hex	filename
  37908	     40	  20832	  58780	   e59c	RTOS_APP.elf
arm-none-eabi-objcopy  -O binary  RTOS_APP.elf  "RTOS_APP.bin"
Finished building: default.size.stdout
 
Finished building: RTOS_APP.hex
Finished building: RTOS_APP.bin
 
 
Finished building: RTOS_APP.list
 
15:29:54 **** Incremental Build of configuration Debug for project RTOS_APP ****
make -j4 all 
arm-none-eabi-gcc "../Core/Src/main.c" -mcpu=cortex-m4 -std=gnu11 -g3 -DDEBUG -DUSE_HAL_DRIVER -DSTM32F429xx -c -I../Core/Inc -I../Drivers/STM32F4xx_HAL_Driver/Inc -I../Drivers/STM32F4xx_HAL_Driver/Inc/Legacy -I../Drivers/CMSIS/Device/ST/STM32F4xx/Include -I../Drivers/CMSIS/Include -I../Middlewares/Third_Party/FreeRTOS/Source/include -I../Middlewares/Third_Party/FreeRTOS/Source/portable/GCC/ARM_CM4F -I../Middlewares/Third_Party/FreeRTOS/Source/CMSIS_RTOS_V2 -I"C:/Users/Ziad/Desktop/NTI/GP/ADAS_with_OTA_Updates/RTOS_APP/IR_Sensor/inc" -I"C:/Users/Ziad/Desktop/NTI/GP/ADAS_with_OTA_Updates/RTOS_APP/Motor_T/inc" -I"C:/Users/Ziad/Desktop/NTI/GP/ADAS_with_OTA_Updates/RTOS_APP/utils" -I"C:/Users/Ziad/Desktop/NTI/GP/ADAS_with_OTA_Updates/RTOS_APP/HCSR04" -O0 -ffunction-sections -fdata-sections -Wall -fstack-usage -MMD -MP -MF"Core/Src/main.d" -MT"Core/Src/main.o" --specs=nano.specs -mfpu=fpv4-sp-d16 -mfloat-abi=hard -mthumb -o "Core/Src/main.o"
../Core/Src/main.c: In function 'main':
../Core/Src/main.c:123:2: warning: implicit declaration of function 'DWT_Delay_Init' [-Wimplicit-function-declaration]
  123 |  DWT_Delay_Init();
      |  ^~~~~~~~~~~~~~
../Core/Src/main.c: In function 'AutoPark':
../Core/Src/main.c:722:5: warning: "/*" within comment [-Wcomment]
  722 |     /*Do Nothing*/
      |      
arm-none-eabi-gcc -o "RTOS_APP.elf" @"objects.list"   -mcpu=cortex-m4 -T"C:\Users\Ziad\Desktop\NTI\GP\ADAS_with_OTA_Updates\RTOS_APP\STM32F429ZITX_FLASH.ld" --specs=nosys.specs -Wl,-Map="RTOS_APP.map" -Wl,--gc-sections -static --specs=nano.specs -mfpu=fpv4-sp-d16 -mfloat-abi=hard -mthumb -Wl,--start-group -lc -lm -Wl,--end-group
Finished building target: RTOS_APP.elf
 
arm-none-eabi-size   RTOS_APP.elf 
arm-none-eabi-objdump -h -S  RTOS_APP.elf  > "RTOS_APP.list"
arm-none-eabi-objcopy  -O ihex  RTOS_APP.elf  "RTOS_APP.hex"
   text	   data	    bss	    dec	    hex	filename
  37908	     40	  20832	  58780	   e59c	RTOS_APP.elf
arm-none-eabi-objcopy  -O binary  RTOS_APP.elf  "RTOS_APP.bin"
Finished building: default.size.stdout
 
Finished building: RTOS_APP.hex
Finished building: RTOS_APP.bin
 
 
Finished building: RTOS_APP.list
 
15:36:52 **** Incremental Build of configuration Debug for project RTOS_APP ****
make -j4 all 
arm-none-eabi-size   RTOS_APP.elf 
   text	   data	    bss	    dec	    hex	filename
  37908	     40	  20832	  58780	   e59c	RTOS_APP.elf
Finished building: default.size.stdout
 
09:55:57 **** Incremental Build of configuration Debug for project RTOS_APP ****
make -j4 all 
arm-none-eabi-gcc "../Core/Src/main.c" -mcpu=cortex-m4 -std=gnu11 -g3 -DDEBUG -DUSE_HAL_DRIVER -DSTM32F429xx -c -I../Core/Inc -I../Drivers/STM32F4xx_HAL_Driver/Inc -I../Drivers/STM32F4xx_HAL_Driver/Inc/Legacy -I../Drivers/CMSIS/Device/ST/STM32F4xx/Include -I../Drivers/CMSIS/Include -I../Middlewares/Third_Party/FreeRTOS/Source/include -I../Middlewares/Third_Party/FreeRTOS/Source/portable/GCC/ARM_CM4F -I../Middlewares/Third_Party/FreeRTOS/Source/CMSIS_RTOS_V2 -I"C:/Users/Ziad/Desktop/NTI/GP/ADAS_with_OTA_Updates/RTOS_APP/IR_Sensor/inc" -I"C:/Users/Ziad/Desktop/NTI/GP/ADAS_with_OTA_Updates/RTOS_APP/Motor_T/inc" -I"C:/Users/Ziad/Desktop/NTI/GP/ADAS_with_OTA_Updates/RTOS_APP/utils" -I"C:/Users/Ziad/Desktop/NTI/GP/ADAS_with_OTA_Updates/RTOS_APP/HCSR04" -O0 -ffunction-sections -fdata-sections -Wall -fstack-usage -MMD -MP -MF"Core/Src/main.d" -MT"Core/Src/main.o" --specs=nano.specs -mfpu=fpv4-sp-d16 -mfloat-abi=hard -mthumb -o "Core/Src/main.o"
../Core/Src/main.c: In function 'main':
../Core/Src/main.c:123:2: warning: implicit declaration of function 'DWT_Delay_Init' [-Wimplicit-function-declaration]
  123 |  DWT_Delay_Init();
      |  ^~~~~~~~~~~~~~
../Core/Src/main.c: In function 'AutoPark':
../Core/Src/main.c:722:5: warning: "/*" within comment [-Wcomment]
  722 |     /*Do Nothing*/
      |      
arm-none-eabi-gcc -o "RTOS_APP.elf" @"objects.list"   -mcpu=cortex-m4 -T"C:\Users\Ziad\Desktop\NTI\GP\ADAS_with_OTA_Updates\RTOS_APP\STM32F429ZITX_FLASH.ld" --specs=nosys.specs -Wl,-Map="RTOS_APP.map" -Wl,--gc-sections -static --specs=nano.specs -mfpu=fpv4-sp-d16 -mfloat-abi=hard -mthumb -Wl,--start-group -lc -lm -Wl,--end-group
Finished building target: RTOS_APP.elf
 
arm-none-eabi-size   RTOS_APP.elf 
arm-none-eabi-objdump -h -S  RTOS_APP.elf  > "RTOS_APP.list"
arm-none-eabi-objcopy  -O ihex  RTOS_APP.elf  "RTOS_APP.hex"
   text	   data	    bss	    dec	    hex	filename
  37908	     40	  20832	  58780	   e59c	RTOS_APP.elf
arm-none-eabi-objcopy  -O binary  RTOS_APP.elf  "RTOS_APP.bin"
Finished building: default.size.stdout
 
Finished building: RTOS_APP.hex
Finished building: RTOS_APP.bin
 
 
Finished building: RTOS_APP.list
 
09:59:40 **** Incremental Build of configuration Debug for project RTOS_APP ****
make -j4 all 
arm-none-eabi-gcc "../Core/Src/UltraSonic.c" -mcpu=cortex-m4 -std=gnu11 -g3 -DDEBUG -DUSE_HAL_DRIVER -DSTM32F429xx -c -I../Core/Inc -I../Drivers/STM32F4xx_HAL_Driver/Inc -I../Drivers/STM32F4xx_HAL_Driver/Inc/Legacy -I../Drivers/CMSIS/Device/ST/STM32F4xx/Include -I../Drivers/CMSIS/Include -I../Middlewares/Third_Party/FreeRTOS/Source/include -I../Middlewares/Third_Party/FreeRTOS/Source/portable/GCC/ARM_CM4F -I../Middlewares/Third_Party/FreeRTOS/Source/CMSIS_RTOS_V2 -I"C:/Users/Ziad/Desktop/NTI/GP/ADAS_with_OTA_Updates/RTOS_APP/IR_Sensor/inc" -I"C:/Users/Ziad/Desktop/NTI/GP/ADAS_with_OTA_Updates/RTOS_APP/Motor_T/inc" -I"C:/Users/Ziad/Desktop/NTI/GP/ADAS_with_OTA_Updates/RTOS_APP/utils" -I"C:/Users/Ziad/Desktop/NTI/GP/ADAS_with_OTA_Updates/RTOS_APP/HCSR04" -O0 -ffunction-sections -fdata-sections -Wall -fstack-usage -MMD -MP -MF"Core/Src/UltraSonic.d" -MT"Core/Src/UltraSonic.o" --specs=nano.specs -mfpu=fpv4-sp-d16 -mfloat-abi=hard -mthumb -o "Core/Src/UltraSonic.o"
arm-none-eabi-gcc -o "RTOS_APP.elf" @"objects.list"   -mcpu=cortex-m4 -T"C:\Users\Ziad\Desktop\NTI\GP\ADAS_with_OTA_Updates\RTOS_APP\STM32F429ZITX_FLASH.ld" --specs=nosys.specs -Wl,-Map="RTOS_APP.map" -Wl,--gc-sections -static --specs=nano.specs -mfpu=fpv4-sp-d16 -mfloat-abi=hard -mthumb -Wl,--start-group -lc -lm -Wl,--end-group
Finished building target: RTOS_APP.elf
 
arm-none-eabi-size   RTOS_APP.elf 
arm-none-eabi-objdump -h -S  RTOS_APP.elf  > "RTOS_APP.list"
arm-none-eabi-objcopy  -O ihex  RTOS_APP.elf  "RTOS_APP.hex"
   text	   data	    bss	    dec	    hex	filename
  37924	     40	  20832	  58796	   e5ac	RTOS_APP.elf
arm-none-eabi-objcopy  -O binary  RTOS_APP.elf  "RTOS_APP.bin"
Finished building: default.size.stdout
 
Finished building: RTOS_APP.hex
Finished building: RTOS_APP.bin
 
 
Finished building: RTOS_APP.list
 
09:59:58 **** Incremental Build of configuration Debug for project RTOS_APP ****
make -j4 all 
arm-none-eabi-gcc "../Core/Src/UltraSonic.c" -mcpu=cortex-m4 -std=gnu11 -g3 -DDEBUG -DUSE_HAL_DRIVER -DSTM32F429xx -c -I../Core/Inc -I../Drivers/STM32F4xx_HAL_Driver/Inc -I../Drivers/STM32F4xx_HAL_Driver/Inc/Legacy -I../Drivers/CMSIS/Device/ST/STM32F4xx/Include -I../Drivers/CMSIS/Include -I../Middlewares/Third_Party/FreeRTOS/Source/include -I../Middlewares/Third_Party/FreeRTOS/Source/portable/GCC/ARM_CM4F -I../Middlewares/Third_Party/FreeRTOS/Source/CMSIS_RTOS_V2 -I"C:/Users/Ziad/Desktop/NTI/GP/ADAS_with_OTA_Updates/RTOS_APP/IR_Sensor/inc" -I"C:/Users/Ziad/Desktop/NTI/GP/ADAS_with_OTA_Updates/RTOS_APP/Motor_T/inc" -I"C:/Users/Ziad/Desktop/NTI/GP/ADAS_with_OTA_Updates/RTOS_APP/utils" -I"C:/Users/Ziad/Desktop/NTI/GP/ADAS_with_OTA_Updates/RTOS_APP/HCSR04" -O0 -ffunction-sections -fdata-sections -Wall -fstack-usage -MMD -MP -MF"Core/Src/UltraSonic.d" -MT"Core/Src/UltraSonic.o" --specs=nano.specs -mfpu=fpv4-sp-d16 -mfloat-abi=hard -mthumb -o "Core/Src/UltraSonic.o"
arm-none-eabi-gcc -o "RTOS_APP.elf" @"objects.list"   -mcpu=cortex-m4 -T"C:\Users\Ziad\Desktop\NTI\GP\ADAS_with_OTA_Updates\RTOS_APP\STM32F429ZITX_FLASH.ld" --specs=nosys.specs -Wl,-Map="RTOS_APP.map" -Wl,--gc-sections -static --specs=nano.specs -mfpu=fpv4-sp-d16 -mfloat-abi=hard -mthumb -Wl,--start-group -lc -lm -Wl,--end-group
Finished building target: RTOS_APP.elf
 
arm-none-eabi-size   RTOS_APP.elf 
arm-none-eabi-objdump -h -S  RTOS_APP.elf  > "RTOS_APP.list"
arm-none-eabi-objcopy  -O ihex  RTOS_APP.elf  "RTOS_APP.hex"
   text	   data	    bss	    dec	    hex	filename
  37924	     40	  20832	  58796	   e5ac	RTOS_APP.elf
arm-none-eabi-objcopy  -O binary  RTOS_APP.elf  "RTOS_APP.bin"
Finished building: default.size.stdout
 
Finished building: RTOS_APP.hex
Finished building: RTOS_APP.bin
 
 
Finished building: RTOS_APP.list
 
10:01:28 **** Incremental Build of configuration Debug for project RTOS_APP ****
make -j4 all 
arm-none-eabi-gcc "../Core/Src/main.c" -mcpu=cortex-m4 -std=gnu11 -g3 -DDEBUG -DUSE_HAL_DRIVER -DSTM32F429xx -c -I../Core/Inc -I../Drivers/STM32F4xx_HAL_Driver/Inc -I../Drivers/STM32F4xx_HAL_Driver/Inc/Legacy -I../Drivers/CMSIS/Device/ST/STM32F4xx/Include -I../Drivers/CMSIS/Include -I../Middlewares/Third_Party/FreeRTOS/Source/include -I../Middlewares/Third_Party/FreeRTOS/Source/portable/GCC/ARM_CM4F -I../Middlewares/Third_Party/FreeRTOS/Source/CMSIS_RTOS_V2 -I"C:/Users/Ziad/Desktop/NTI/GP/ADAS_with_OTA_Updates/RTOS_APP/IR_Sensor/inc" -I"C:/Users/Ziad/Desktop/NTI/GP/ADAS_with_OTA_Updates/RTOS_APP/Motor_T/inc" -I"C:/Users/Ziad/Desktop/NTI/GP/ADAS_with_OTA_Updates/RTOS_APP/utils" -I"C:/Users/Ziad/Desktop/NTI/GP/ADAS_with_OTA_Updates/RTOS_APP/HCSR04" -O0 -ffunction-sections -fdata-sections -Wall -fstack-usage -MMD -MP -MF"Core/Src/main.d" -MT"Core/Src/main.o" --specs=nano.specs -mfpu=fpv4-sp-d16 -mfloat-abi=hard -mthumb -o "Core/Src/main.o"
../Core/Src/main.c: In function 'main':
../Core/Src/main.c:123:2: warning: implicit declaration of function 'DWT_Delay_Init' [-Wimplicit-function-declaration]
  123 |  DWT_Delay_Init();
      |  ^~~~~~~~~~~~~~
../Core/Src/main.c: In function 'AutoPark':
../Core/Src/main.c:722:5: warning: "/*" within comment [-Wcomment]
  722 |     /*Do Nothing*/
      |      
arm-none-eabi-gcc -o "RTOS_APP.elf" @"objects.list"   -mcpu=cortex-m4 -T"C:\Users\Ziad\Desktop\NTI\GP\ADAS_with_OTA_Updates\RTOS_APP\STM32F429ZITX_FLASH.ld" --specs=nosys.specs -Wl,-Map="RTOS_APP.map" -Wl,--gc-sections -static --specs=nano.specs -mfpu=fpv4-sp-d16 -mfloat-abi=hard -mthumb -Wl,--start-group -lc -lm -Wl,--end-group
Finished building target: RTOS_APP.elf
 
arm-none-eabi-size   RTOS_APP.elf 
arm-none-eabi-objdump -h -S  RTOS_APP.elf  > "RTOS_APP.list"
arm-none-eabi-objcopy  -O ihex  RTOS_APP.elf  "RTOS_APP.hex"
   text	   data	    bss	    dec	    hex	filename
  37924	     40	  20832	  58796	   e5ac	RTOS_APP.elf
arm-none-eabi-objcopy  -O binary  RTOS_APP.elf  "RTOS_APP.bin"
Finished building: default.size.stdout
 
Finished building: RTOS_APP.hex
Finished building: RTOS_APP.bin
 
 
Finished building: RTOS_APP.list
 
10:02:10 **** Incremental Build of configuration Debug for project RTOS_APP ****
make -j4 all 
arm-none-eabi-size   RTOS_APP.elf 
   text	   data	    bss	    dec	    hex	filename
  37924	     40	  20832	  58796	   e5ac	RTOS_APP.elf
Finished building: default.size.stdout
 
