07:08:55 **** Incremental Build of configuration Debug for project RTOS_APP ****
make -j4 all 
arm-none-eabi-gcc "../Core/Src/UltraSonic.c" -mcpu=cortex-m4 -std=gnu11 -g3 -DDEBUG -DUSE_HAL_DRIVER -DSTM32F429xx -c -I../Core/Inc -I../Drivers/STM32F4xx_HAL_Driver/Inc -I../Drivers/STM32F4xx_HAL_Driver/Inc/Legacy -I../Drivers/CMSIS/Device/ST/STM32F4xx/Include -I../Drivers/CMSIS/Include -I../Middlewares/Third_Party/FreeRTOS/Source/include -I../Middlewares/Third_Party/FreeRTOS/Source/portable/GCC/ARM_CM4F -I../Middlewares/Third_Party/FreeRTOS/Source/CMSIS_RTOS_V2 -I"C:/Users/zashr/OneDrive/Desktop/NTI/GP/Target/ADAS_with_OTA_Updates/RTOS_APP/IR_Sensor/inc" -I"C:/Users/zashr/OneDrive/Desktop/NTI/GP/Target/ADAS_with_OTA_Updates/RTOS_APP/Motor_T/inc" -O0 -ffunction-sections -fdata-sections -Wall -fstack-usage -MMD -MP -MF"Core/Src/UltraSonic.d" -MT"Core/Src/UltraSonic.o" --specs=nano.specs -mfpu=fpv4-sp-d16 -mfloat-abi=hard -mthumb -o "Core/Src/UltraSonic.o"
arm-none-eabi-gcc -o "RTOS_APP.elf" @"objects.list"   -mcpu=cortex-m4 -T"C:\Users\zashr\OneDrive\Desktop\NTI\GP\Target\ADAS_with_OTA_Updates\RTOS_APP\STM32F429ZITX_FLASH.ld" --specs=nosys.specs -Wl,-Map="RTOS_APP.map" -Wl,--gc-sections -static --specs=nano.specs -mfpu=fpv4-sp-d16 -mfloat-abi=hard -mthumb -Wl,--start-group -lc -lm -Wl,--end-group
Finished building target: RTOS_APP.elf
 
arm-none-eabi-size   RTOS_APP.elf 
arm-none-eabi-objdump -h -S  RTOS_APP.elf  > "RTOS_APP.list"
arm-none-eabi-objcopy  -O ihex  RTOS_APP.elf  "RTOS_APP.hex"
arm-none-eabi-objcopy  -O binary  RTOS_APP.elf  "RTOS_APP.bin"
   text	   data	    bss	    dec	    hex	filename
  36644	     24	  20800	  57468	   e07c	RTOS_APP.elf
Finished building: default.size.stdout
 
Finished building: RTOS_APP.bin
Finished building: RTOS_APP.hex
 
 
Finished building: RTOS_APP.list
 

07:08:57 Build Finished. 0 errors, 0 warnings. (took 1s.529ms)

